../Src/main.c:52:29:change_sp_to_psp	0	static,ignoring_inline_asm
../Src/main.c:70:6:generate_interrupt	16	static
../Src/main.c:82:6:change_access_level_unpriv	4	static,ignoring_inline_asm
../Src/main.c:91:6:init_systick_timer	32	static,ignoring_inline_asm
../Src/main.c:115:5:main	40	static,ignoring_inline_asm
../Src/main.c:194:6:RTC_WKUP_IRQHandler	8	static
../Src/main.c:199:6:HardFault_Handler	8	static
../Src/main.c:206:6:USART3_IRQHandler	8	static
../Src/main.c:211:6:task1_handler	8	static
../Src/main.c:219:6:task2_handler	8	static
../Src/main.c:227:6:task3_handler	8	static
../Src/main.c:235:6:task4_handler	8	static
../Src/main.c:243:6:SysTick_Handler	4	static
