10:37:05 **** Incremental Build of configuration Debug for project Ardupilot-v1 ****
make -j8 all 
arm-none-eabi-gcc "../Src/main.c" -mcpu=cortex-m4 -std=gnu11 -g3 -DDEBUG -DSTM32F427VITx -DSTM32 -DSTM32F4 -c -I../Inc -O0 -ffunction-sections -fdata-sections -Wall -fstack-usage -fcyclomatic-complexity -MMD -MP -MF"Src/main.d" -MT"Src/main.o" --specs=nano.specs -mfloat-abi=soft -mthumb -o "Src/main.o"
arm-none-eabi-gcc -o "Ardupilot-v1.elf" @"objects.list"   -mcpu=cortex-m4 -T"C:\Users\favas\OneDrive\Documents\7.DroneProject\stm32_ardupilot_workspace\Ardupilot-v1\STM32F427VITX_FLASH.ld" --specs=nosys.specs -Wl,-Map="Ardupilot-v1.map" -Wl,--gc-sections -static --specs=nano.specs -mfloat-abi=soft -mthumb -Wl,--start-group -lc -lm -Wl,--end-group
Finished building target: Ardupilot-v1.elf
 
arm-none-eabi-size  Ardupilot-v1.elf 
arm-none-eabi-objdump -h -S Ardupilot-v1.elf  > "Ardupilot-v1.list"
   text	   data	    bss	    dec	    hex	filename
   3404	     92	   1900	   5396	   1514	Ardupilot-v1.elf
Finished building: default.size.stdout
 
Finished building: Ardupilot-v1.list
 
10:37:15 **** Incremental Build of configuration Debug for project Ardupilot-v1 ****
make -j8 all 
arm-none-eabi-size  Ardupilot-v1.elf 
   text	   data	    bss	    dec	    hex	filename
   3404	     92	   1900	   5396	   1514	Ardupilot-v1.elf
Finished building: default.size.stdout
 
10:41:06 **** Build of configuration Debug for project Ardupilot-v1 ****
make -j8 all 
arm-none-eabi-size  Ardupilot-v1.elf 
   text	   data	    bss	    dec	    hex	filename
   3404	     92	   1900	   5396	   1514	Ardupilot-v1.elf
Finished building: default.size.stdout
 
09:43:04 **** Build of configuration Debug for project Ardupilot-v1 ****
make -j8 all 
arm-none-eabi-size  Ardupilot-v1.elf 
   text	   data	    bss	    dec	    hex	filename
   3404	     92	   1900	   5396	   1514	Ardupilot-v1.elf
Finished building: default.size.stdout
 
09:43:13 **** Incremental Build of configuration Debug for project Ardupilot-v1 ****
make -j8 all 
arm-none-eabi-size  Ardupilot-v1.elf 
   text	   data	    bss	    dec	    hex	filename
   3404	     92	   1900	   5396	   1514	Ardupilot-v1.elf
Finished building: default.size.stdout
 
10:07:59 **** Build of configuration Debug for project Ardupilot-v1 ****
make -j8 all 
arm-none-eabi-size  Ardupilot-v1.elf 
   text	   data	    bss	    dec	    hex	filename
   3404	     92	   1900	   5396	   1514	Ardupilot-v1.elf
Finished building: default.size.stdout
 
10:08:25 **** Incremental Build of configuration Debug for project Ardupilot-v1 ****
make -j8 all 
arm-none-eabi-size  Ardupilot-v1.elf 
   text	   data	    bss	    dec	    hex	filename
   3404	     92	   1900	   5396	   1514	Ardupilot-v1.elf
Finished building: default.size.stdout
 
11:20:25 **** Clean-only build of configuration Debug for project Ardupilot-v1 ****
make -j8 clean 
rm -rf ./Startup/startup_stm32f427vitx.d ./Startup/startup_stm32f427vitx.o
rm -rf ./Src/main.cyclo ./Src/main.d ./Src/main.o ./Src/main.su ./Src/syscalls.cyclo ./Src/syscalls.d ./Src/syscalls.o ./Src/syscalls.su ./Src/sysmem.cyclo ./Src/sysmem.d ./Src/sysmem.o ./Src/sysmem.su
rm -rf Ardupilot-v1.elf Ardupilot-v1.list Ardupilot-v1.map default.size.stdout
 
11:20:25 **** Incremental Build of configuration Debug for project Ardupilot-v1 ****
make -j8 all 
arm-none-eabi-gcc -mcpu=cortex-m4 -g3 -DDEBUG -c -x assembler-with-cpp -MMD -MP -MF"Startup/startup_stm32f427vitx.d" -MT"Startup/startup_stm32f427vitx.o" --specs=nano.specs -mfloat-abi=soft -mthumb -o "Startup/startup_stm32f427vitx.o" "../Startup/startup_stm32f427vitx.s"
arm-none-eabi-gcc "../Src/main.c" -mcpu=cortex-m4 -std=gnu11 -g3 -DDEBUG -DSTM32F427VITx -DSTM32 -DSTM32F4 -c -I../Inc -O0 -ffunction-sections -fdata-sections -Wall -fstack-usage -fcyclomatic-complexity -MMD -MP -MF"Src/main.d" -MT"Src/main.o" --specs=nano.specs -mfloat-abi=soft -mthumb -o "Src/main.o"
arm-none-eabi-gcc "../Src/syscalls.c" -mcpu=cortex-m4 -std=gnu11 -g3 -DDEBUG -DSTM32F427VITx -DSTM32 -DSTM32F4 -c -I../Inc -O0 -ffunction-sections -fdata-sections -Wall -fstack-usage -fcyclomatic-complexity -MMD -MP -MF"Src/syscalls.d" -MT"Src/syscalls.o" --specs=nano.specs -mfloat-abi=soft -mthumb -o "Src/syscalls.o"
arm-none-eabi-gcc "../Src/sysmem.c" -mcpu=cortex-m4 -std=gnu11 -g3 -DDEBUG -DSTM32F427VITx -DSTM32 -DSTM32F4 -c -I../Inc -O0 -ffunction-sections -fdata-sections -Wall -fstack-usage -fcyclomatic-complexity -MMD -MP -MF"Src/sysmem.d" -MT"Src/sysmem.o" --specs=nano.specs -mfloat-abi=soft -mthumb -o "Src/sysmem.o"
arm-none-eabi-gcc -o "Ardupilot-v1.elf" @"objects.list"   -mcpu=cortex-m4 -T"C:\Users\favas\OneDrive\Documents\7.DroneProject\stm32_ardupilot_repo\Ardupilot-v1\STM32F427VITX_FLASH.ld" --specs=nosys.specs -Wl,-Map="Ardupilot-v1.map" -Wl,--gc-sections -static --specs=nano.specs -mfloat-abi=soft -mthumb -Wl,--start-group -lc -lm -Wl,--end-group
Finished building target: Ardupilot-v1.elf
 
arm-none-eabi-size  Ardupilot-v1.elf 
arm-none-eabi-objdump -h -S Ardupilot-v1.elf  > "Ardupilot-v1.list"
   text	   data	    bss	    dec	    hex	filename
   3404	     92	   1900	   5396	   1514	Ardupilot-v1.elf
Finished building: default.size.stdout
 
Finished building: Ardupilot-v1.list
 
11:24:45 **** Incremental Build of configuration Debug for project Ardupilot-v1 ****
make -j8 all 
arm-none-eabi-size  Ardupilot-v1.elf 
   text	   data	    bss	    dec	    hex	filename
   3404	     92	   1900	   5396	   1514	Ardupilot-v1.elf
Finished building: default.size.stdout
 
11:26:28 **** Incremental Build of configuration Debug for project Ardupilot-v1 ****
make -j8 all 
arm-none-eabi-size  Ardupilot-v1.elf 
   text	   data	    bss	    dec	    hex	filename
   3404	     92	   1900	   5396	   1514	Ardupilot-v1.elf
Finished building: default.size.stdout
 
17:55:20 **** Incremental Build of configuration Debug for project Ardupilot-v1 ****
make -j8 all 
arm-none-eabi-gcc "../Src/main.c" -mcpu=cortex-m4 -std=gnu11 -g3 -DDEBUG -DSTM32F427VITx -DSTM32 -DSTM32F4 -c -I../Inc -O0 -ffunction-sections -fdata-sections -Wall -fstack-usage -fcyclomatic-complexity -MMD -MP -MF"Src/main.d" -MT"Src/main.o" --specs=nano.specs -mfloat-abi=soft -mthumb -o "Src/main.o"
../Src/main.c: In function 'RTC_WKUP_IRQHandler':
../Src/main.c:62:42: error: expected ';' before '}' token
   62 |         printf("in handler mode : ISR\n")
      |                                          ^
      |                                          ;
   63 | }
      | ~                                         
make: *** [Src/subdir.mk:25: Src/main.o] Error 1
"make -j8 all" terminated with exit code 2. Build might be incomplete.
17:55:40 **** Incremental Build of configuration Debug for project Ardupilot-v1 ****
make -j8 all 
arm-none-eabi-gcc "../Src/main.c" -mcpu=cortex-m4 -std=gnu11 -g3 -DDEBUG -DSTM32F427VITx -DSTM32 -DSTM32F4 -c -I../Inc -O0 -ffunction-sections -fdata-sections -Wall -fstack-usage -fcyclomatic-complexity -MMD -MP -MF"Src/main.d" -MT"Src/main.o" --specs=nano.specs -mfloat-abi=soft -mthumb -o "Src/main.o"
arm-none-eabi-gcc -o "Ardupilot-v1.elf" @"objects.list"   -mcpu=cortex-m4 -T"C:\Users\favas\OneDrive\Documents\7.DroneProject\stm32_ardupilot_repo\Ardupilot-v1\STM32F427VITX_FLASH.ld" --specs=nosys.specs -Wl,-Map="Ardupilot-v1.map" -Wl,--gc-sections -static --specs=nano.specs -mfloat-abi=soft -mthumb -Wl,--start-group -lc -lm -Wl,--end-group
Finished building target: Ardupilot-v1.elf
 
arm-none-eabi-size  Ardupilot-v1.elf 
arm-none-eabi-objdump -h -S Ardupilot-v1.elf  > "Ardupilot-v1.list"
   text	   data	    bss	    dec	    hex	filename
   3572	     92	   1900	   5564	   15bc	Ardupilot-v1.elf
Finished building: default.size.stdout
 
Finished building: Ardupilot-v1.list
 
17:55:53 **** Incremental Build of configuration Debug for project Ardupilot-v1 ****
make -j8 all 
arm-none-eabi-size  Ardupilot-v1.elf 
   text	   data	    bss	    dec	    hex	filename
   3572	     92	   1900	   5564	   15bc	Ardupilot-v1.elf
Finished building: default.size.stdout
 
17:57:49 **** Incremental Build of configuration Debug for project Ardupilot-v1 ****
make -j8 all 
arm-none-eabi-size  Ardupilot-v1.elf 
   text	   data	    bss	    dec	    hex	filename
   3572	     92	   1900	   5564	   15bc	Ardupilot-v1.elf
Finished building: default.size.stdout
 
17:59:43 **** Incremental Build of configuration Debug for project Ardupilot-v1 ****
make -j8 all 
arm-none-eabi-size  Ardupilot-v1.elf 
   text	   data	    bss	    dec	    hex	filename
   3572	     92	   1900	   5564	   15bc	Ardupilot-v1.elf
Finished building: default.size.stdout
 
13:48:46 **** Incremental Build of configuration Debug for project Ardupilot-v1 ****
make -j8 all 
arm-none-eabi-gcc "../Src/main.c" -mcpu=cortex-m4 -std=gnu11 -g3 -DDEBUG -DSTM32F427VITx -DSTM32 -DSTM32F4 -c -I../Inc -O0 -ffunction-sections -fdata-sections -Wall -fstack-usage -fcyclomatic-complexity -MMD -MP -MF"Src/main.d" -MT"Src/main.o" --specs=nano.specs -mfloat-abi=soft -mthumb -o "Src/main.o"
arm-none-eabi-gcc -o "Ardupilot-v1.elf" @"objects.list"   -mcpu=cortex-m4 -T"C:\Users\favas\OneDrive\Documents\7.DroneProject\stm32_ardupilot_repo\Ardupilot-v1\STM32F427VITX_FLASH.ld" --specs=nosys.specs -Wl,-Map="Ardupilot-v1.map" -Wl,--gc-sections -static --specs=nano.specs -mfloat-abi=soft -mthumb -Wl,--start-group -lc -lm -Wl,--end-group
Finished building target: Ardupilot-v1.elf
 
arm-none-eabi-size  Ardupilot-v1.elf 
arm-none-eabi-objdump -h -S Ardupilot-v1.elf  > "Ardupilot-v1.list"
   text	   data	    bss	    dec	    hex	filename
   3444	     92	   1900	   5436	   153c	Ardupilot-v1.elf
Finished building: default.size.stdout
 
Finished building: Ardupilot-v1.list
 
13:48:57 **** Incremental Build of configuration Debug for project Ardupilot-v1 ****
make -j8 all 
arm-none-eabi-size  Ardupilot-v1.elf 
   text	   data	    bss	    dec	    hex	filename
   3444	     92	   1900	   5436	   153c	Ardupilot-v1.elf
Finished building: default.size.stdout
 
14:37:06 **** Incremental Build of configuration Debug for project Ardupilot-v1 ****
make -j8 all 
arm-none-eabi-gcc "../Src/main.c" -mcpu=cortex-m4 -std=gnu11 -g3 -DDEBUG -DSTM32F427VITx -DSTM32 -DSTM32F4 -c -I../Inc -O0 -ffunction-sections -fdata-sections -Wall -fstack-usage -fcyclomatic-complexity -MMD -MP -MF"Src/main.d" -MT"Src/main.o" --specs=nano.specs -mfloat-abi=soft -mthumb -o "Src/main.o"
arm-none-eabi-gcc -o "Ardupilot-v1.elf" @"objects.list"   -mcpu=cortex-m4 -T"C:\Users\favas\OneDrive\Documents\7.DroneProject\stm32_ardupilot_repo\Ardupilot-v1\STM32F427VITX_FLASH.ld" --specs=nosys.specs -Wl,-Map="Ardupilot-v1.map" -Wl,--gc-sections -static --specs=nano.specs -mfloat-abi=soft -mthumb -Wl,--start-group -lc -lm -Wl,--end-group
Finished building target: Ardupilot-v1.elf
 
arm-none-eabi-size  Ardupilot-v1.elf 
arm-none-eabi-objdump -h -S Ardupilot-v1.elf  > "Ardupilot-v1.list"
   text	   data	    bss	    dec	    hex	filename
   3464	     92	   1900	   5456	   1550	Ardupilot-v1.elf
Finished building: default.size.stdout
 
Finished building: Ardupilot-v1.list
 
14:37:19 **** Incremental Build of configuration Debug for project Ardupilot-v1 ****
make -j8 all 
arm-none-eabi-size  Ardupilot-v1.elf 
   text	   data	    bss	    dec	    hex	filename
   3464	     92	   1900	   5456	   1550	Ardupilot-v1.elf
Finished building: default.size.stdout
 
14:39:40 **** Incremental Build of configuration Debug for project Ardupilot-v1 ****
make -j8 all 
arm-none-eabi-gcc "../Src/main.c" -mcpu=cortex-m4 -std=gnu11 -g3 -DDEBUG -DSTM32F427VITx -DSTM32 -DSTM32F4 -c -I../Inc -O0 -ffunction-sections -fdata-sections -Wall -fstack-usage -fcyclomatic-complexity -MMD -MP -MF"Src/main.d" -MT"Src/main.o" --specs=nano.specs -mfloat-abi=soft -mthumb -o "Src/main.o"
../Src/main.c: In function 'main':
../Src/main.c:53:9: warning: 'asm' operand 0 probably does not match constraints
   53 |         __asm volatile ("ADD R0, %0, %1": :"i"(val1),"i"(val2));
      |         ^~~~~
../Src/main.c:53:9: warning: 'asm' operand 1 probably does not match constraints
../Src/main.c:53:9: error: impossible constraint in 'asm'
make: *** [Src/subdir.mk:25: Src/main.o] Error 1
"make -j8 all" terminated with exit code 2. Build might be incomplete.
14:39:59 **** Incremental Build of configuration Debug for project Ardupilot-v1 ****
make -j8 all 
arm-none-eabi-gcc "../Src/main.c" -mcpu=cortex-m4 -std=gnu11 -g3 -DDEBUG -DSTM32F427VITx -DSTM32 -DSTM32F4 -c -I../Inc -O0 -ffunction-sections -fdata-sections -Wall -fstack-usage -fcyclomatic-complexity -MMD -MP -MF"Src/main.d" -MT"Src/main.o" --specs=nano.specs -mfloat-abi=soft -mthumb -o "Src/main.o"
arm-none-eabi-gcc -o "Ardupilot-v1.elf" @"objects.list"   -mcpu=cortex-m4 -T"C:\Users\favas\OneDrive\Documents\7.DroneProject\stm32_ardupilot_repo\Ardupilot-v1\STM32F427VITX_FLASH.ld" --specs=nosys.specs -Wl,-Map="Ardupilot-v1.map" -Wl,--gc-sections -static --specs=nano.specs -mfloat-abi=soft -mthumb -Wl,--start-group -lc -lm -Wl,--end-group
Finished building target: Ardupilot-v1.elf
 
arm-none-eabi-size  Ardupilot-v1.elf 
arm-none-eabi-objdump -h -S Ardupilot-v1.elf  > "Ardupilot-v1.list"
   text	   data	    bss	    dec	    hex	filename
   3464	     92	   1900	   5456	   1550	Ardupilot-v1.elf
Finished building: default.size.stdout
 
Finished building: Ardupilot-v1.list
 
14:45:29 **** Incremental Build of configuration Debug for project Ardupilot-v1 ****
make -j8 all 
arm-none-eabi-gcc "../Src/main.c" -mcpu=cortex-m4 -std=gnu11 -g3 -DDEBUG -DSTM32F427VITx -DSTM32 -DSTM32F4 -c -I../Inc -O0 -ffunction-sections -fdata-sections -Wall -fstack-usage -fcyclomatic-complexity -MMD -MP -MF"Src/main.d" -MT"Src/main.o" --specs=nano.specs -mfloat-abi=soft -mthumb -o "Src/main.o"
../Src/main.c: In function 'main':
../Src/main.c:57:49: error: 'control_reg' undeclared (first use in this function)
   57 |         __asm volatile ("MRS %0, CONTROL": "=r"(control_reg) );
      |                                                 ^~~~~~~~~~~
../Src/main.c:57:49: note: each undeclared identifier is reported only once for each function it appears in
make: *** [Src/subdir.mk:25: Src/main.o] Error 1
"make -j8 all" terminated with exit code 2. Build might be incomplete.
14:46:21 **** Incremental Build of configuration Debug for project Ardupilot-v1 ****
make -j8 all 
arm-none-eabi-gcc "../Src/main.c" -mcpu=cortex-m4 -std=gnu11 -g3 -DDEBUG -DSTM32F427VITx -DSTM32 -DSTM32F4 -c -I../Inc -O0 -ffunction-sections -fdata-sections -Wall -fstack-usage -fcyclomatic-complexity -MMD -MP -MF"Src/main.d" -MT"Src/main.o" --specs=nano.specs -mfloat-abi=soft -mthumb -o "Src/main.o"
arm-none-eabi-gcc -o "Ardupilot-v1.elf" @"objects.list"   -mcpu=cortex-m4 -T"C:\Users\favas\OneDrive\Documents\7.DroneProject\stm32_ardupilot_repo\Ardupilot-v1\STM32F427VITX_FLASH.ld" --specs=nosys.specs -Wl,-Map="Ardupilot-v1.map" -Wl,--gc-sections -static --specs=nano.specs -mfloat-abi=soft -mthumb -Wl,--start-group -lc -lm -Wl,--end-group
Finished building target: Ardupilot-v1.elf
 
arm-none-eabi-size  Ardupilot-v1.elf 
arm-none-eabi-objdump -h -S Ardupilot-v1.elf  > "Ardupilot-v1.list"
   text	   data	    bss	    dec	    hex	filename
   3468	     92	   1900	   5460	   1554	Ardupilot-v1.elf
Finished building: default.size.stdout
 
Finished building: Ardupilot-v1.list
 
14:46:26 **** Incremental Build of configuration Debug for project Ardupilot-v1 ****
make -j8 all 
arm-none-eabi-size  Ardupilot-v1.elf 
   text	   data	    bss	    dec	    hex	filename
   3468	     92	   1900	   5460	   1554	Ardupilot-v1.elf
Finished building: default.size.stdout
 
15:23:23 **** Incremental Build of configuration Debug for project Ardupilot-v1 ****
make -j8 all 
arm-none-eabi-gcc "../Src/main.c" -mcpu=cortex-m4 -std=gnu11 -g3 -DDEBUG -DSTM32F427VITx -DSTM32 -DSTM32F4 -c -I../Inc -O0 -ffunction-sections -fdata-sections -Wall -fstack-usage -fcyclomatic-complexity -MMD -MP -MF"Src/main.d" -MT"Src/main.o" --specs=nano.specs -mfloat-abi=soft -mthumb -o "Src/main.o"
arm-none-eabi-gcc -o "Ardupilot-v1.elf" @"objects.list"   -mcpu=cortex-m4 -T"C:\Users\favas\OneDrive\Documents\7.DroneProject\stm32_ardupilot_repo\Ardupilot-v1\STM32F427VITX_FLASH.ld" --specs=nosys.specs -Wl,-Map="Ardupilot-v1.map" -Wl,--gc-sections -static --specs=nano.specs -mfloat-abi=soft -mthumb -Wl,--start-group -lc -lm -Wl,--end-group
Finished building target: Ardupilot-v1.elf
 
arm-none-eabi-size  Ardupilot-v1.elf 
arm-none-eabi-objdump -h -S Ardupilot-v1.elf  > "Ardupilot-v1.list"
   text	   data	    bss	    dec	    hex	filename
   3688	     92	   1900	   5680	   1630	Ardupilot-v1.elf
Finished building: default.size.stdout
 
Finished building: Ardupilot-v1.list
 
15:23:43 **** Incremental Build of configuration Debug for project Ardupilot-v1 ****
make -j8 all 
arm-none-eabi-size  Ardupilot-v1.elf 
   text	   data	    bss	    dec	    hex	filename
   3688	     92	   1900	   5680	   1630	Ardupilot-v1.elf
Finished building: default.size.stdout
 
16:02:45 **** Incremental Build of configuration Debug for project Ardupilot-v1 ****
make -j8 all 
arm-none-eabi-gcc "../Src/main.c" -mcpu=cortex-m4 -std=gnu11 -g3 -DDEBUG -DSTM32F427VITx -DSTM32 -DSTM32F4 -c -I../Inc -O0 -ffunction-sections -fdata-sections -Wall -fstack-usage -fcyclomatic-complexity -MMD -MP -MF"Src/main.d" -MT"Src/main.o" --specs=nano.specs -mfloat-abi=soft -mthumb -o "Src/main.o"
arm-none-eabi-gcc -o "Ardupilot-v1.elf" @"objects.list"   -mcpu=cortex-m4 -T"C:\Users\favas\OneDrive\Documents\7.DroneProject\stm32_ardupilot_repo\Ardupilot-v1\STM32F427VITX_FLASH.ld" --specs=nosys.specs -Wl,-Map="Ardupilot-v1.map" -Wl,--gc-sections -static --specs=nano.specs -mfloat-abi=soft -mthumb -Wl,--start-group -lc -lm -Wl,--end-group
Finished building target: Ardupilot-v1.elf
 
arm-none-eabi-size  Ardupilot-v1.elf 
arm-none-eabi-objdump -h -S Ardupilot-v1.elf  > "Ardupilot-v1.list"
   text	   data	    bss	    dec	    hex	filename
   3704	     92	   1900	   5696	   1640	Ardupilot-v1.elf
Finished building: default.size.stdout
 
Finished building: Ardupilot-v1.list
 
16:02:58 **** Incremental Build of configuration Debug for project Ardupilot-v1 ****
make -j8 all 
arm-none-eabi-size  Ardupilot-v1.elf 
   text	   data	    bss	    dec	    hex	filename
   3704	     92	   1900	   5696	   1640	Ardupilot-v1.elf
Finished building: default.size.stdout
 
12:20:00 **** Incremental Build of configuration Debug for project Ardupilot-v1 ****
make -j8 all 
arm-none-eabi-gcc "../Src/main.c" -mcpu=cortex-m4 -std=gnu11 -g3 -DDEBUG -DSTM32F427VITx -DSTM32 -DSTM32F4 -c -I../Inc -O0 -ffunction-sections -fdata-sections -Wall -fstack-usage -fcyclomatic-complexity -MMD -MP -MF"Src/main.d" -MT"Src/main.o" --specs=nano.specs -mfloat-abi=soft -mthumb -o "Src/main.o"
../Src/main.c: In function 'main':
../Src/main.c:60:20: error: expected ';' before 'uint8_t'
   60 |         *ptr = 0xff
      |                    ^
      |                    ;
......
   63 |         uint8_t *bitband_addr = (uint8_t*) (ALIAS_BASE + (32 * (0x20000200 - BITBAND_BASE)) + (7 * 4));
      |         ~~~~~~~     
../Src/main.c:64:10: error: 'bitband_addr' undeclared (first use in this function)
   64 |         *bitband_addr = 0; //clear bit 7
      |          ^~~~~~~~~~~~
../Src/main.c:64:10: note: each undeclared identifier is reported only once for each function it appears in
make: *** [Src/subdir.mk:25: Src/main.o] Error 1
"make -j8 all" terminated with exit code 2. Build might be incomplete.
12:21:36 **** Incremental Build of configuration Debug for project Ardupilot-v1 ****
make -j8 all 
arm-none-eabi-gcc "../Src/main.c" -mcpu=cortex-m4 -std=gnu11 -g3 -DDEBUG -DSTM32F427VITx -DSTM32 -DSTM32F4 -c -I../Inc -O0 -ffunction-sections -fdata-sections -Wall -fstack-usage -fcyclomatic-complexity -MMD -MP -MF"Src/main.d" -MT"Src/main.o" --specs=nano.specs -mfloat-abi=soft -mthumb -o "Src/main.o"
../Src/main.c: In function 'change_sp_to_psp':
../Src/main.c:40:15: error: expected '(' before 'colatile'
   40 |         __asm colatile(".equ SRAM_END, (0x20000000U + 128U * 1024U)");
      |               ^~~~~~~~
      |               (
../Src/main.c:40:15: warning: implicit declaration of function 'colatile' [-Wimplicit-function-declaration]
   40 |         __asm colatile(".equ SRAM_END, (0x20000000U + 128U * 1024U)");
      |               ^~~~~~~~
../Src/main.c:41:42: error: expected ';' before '__asm'
   41 |         __asm volatile (".equ PSP_START")
      |                                          ^
      |                                          ;
......
   44 |         __asm volatile ("LDR R0, =STACK_PSP_START");
      |         ~~~~~                             
../Src/main.c: In function 'main':
../Src/main.c:89:20: error: expected ';' before 'uint8_t'
   89 |         *ptr = 0xff
      |                    ^
      |                    ;
   90 |         //bit-banding method
   91 |         uint8_t *bitband_addr = (uint8_t*) (ALIAS_BASE + (32 * (0x20000200 - BITBAND_BASE)) + (7 * 4));
      |         ~~~~~~~     
../Src/main.c:92:10: error: 'bitband_addr' undeclared (first use in this function)
   92 |         *bitband_addr = 0; //clear bit 7
      |          ^~~~~~~~~~~~
../Src/main.c:92:10: note: each undeclared identifier is reported only once for each function it appears in
make: *** [Src/subdir.mk:25: Src/main.o] Error 1
"make -j8 all" terminated with exit code 2. Build might be incomplete.
12:22:28 **** Incremental Build of configuration Debug for project Ardupilot-v1 ****
make -j8 all 
arm-none-eabi-gcc "../Src/main.c" -mcpu=cortex-m4 -std=gnu11 -g3 -DDEBUG -DSTM32F427VITx -DSTM32 -DSTM32F4 -c -I../Inc -O0 -ffunction-sections -fdata-sections -Wall -fstack-usage -fcyclomatic-complexity -MMD -MP -MF"Src/main.d" -MT"Src/main.o" --specs=nano.specs -mfloat-abi=soft -mthumb -o "Src/main.o"
../Src/main.c: In function 'main':
../Src/main.c:89:20: error: expected ';' before 'uint8_t'
   89 |         *ptr = 0xff
      |                    ^
      |                    ;
   90 |         //bit-banding method
   91 |         uint8_t *bitband_addr = (uint8_t*) (ALIAS_BASE + (32 * (0x20000200 - BITBAND_BASE)) + (7 * 4));
      |         ~~~~~~~     
../Src/main.c:92:10: error: 'bitband_addr' undeclared (first use in this function)
   92 |         *bitband_addr = 0; //clear bit 7
      |          ^~~~~~~~~~~~
../Src/main.c:92:10: note: each undeclared identifier is reported only once for each function it appears in
make: *** [Src/subdir.mk:25: Src/main.o] Error 1
"make -j8 all" terminated with exit code 2. Build might be incomplete.
12:22:53 **** Incremental Build of configuration Debug for project Ardupilot-v1 ****
make -j8 all 
arm-none-eabi-gcc "../Src/main.c" -mcpu=cortex-m4 -std=gnu11 -g3 -DDEBUG -DSTM32F427VITx -DSTM32 -DSTM32F4 -c -I../Inc -O0 -ffunction-sections -fdata-sections -Wall -fstack-usage -fcyclomatic-complexity -MMD -MP -MF"Src/main.d" -MT"Src/main.o" --specs=nano.specs -mfloat-abi=soft -mthumb -o "Src/main.o"
C:\Users\favas\AppData\Local\Temp\ccjimdVW.s: Assembler messages:
C:\Users\favas\AppData\Local\Temp\ccjimdVW.s:39: Error: expected comma after "PSP_START"
make: *** [Src/subdir.mk:25: Src/main.o] Error 1
"make -j8 all" terminated with exit code 2. Build might be incomplete.
12:24:07 **** Incremental Build of configuration Debug for project Ardupilot-v1 ****
make -j8 all 
arm-none-eabi-gcc "../Src/main.c" -mcpu=cortex-m4 -std=gnu11 -g3 -DDEBUG -DSTM32F427VITx -DSTM32 -DSTM32F4 -c -I../Inc -O0 -ffunction-sections -fdata-sections -Wall -fstack-usage -fcyclomatic-complexity -MMD -MP -MF"Src/main.d" -MT"Src/main.o" --specs=nano.specs -mfloat-abi=soft -mthumb -o "Src/main.o"
arm-none-eabi-gcc -o "Ardupilot-v1.elf" @"objects.list"   -mcpu=cortex-m4 -T"C:\Users\favas\OneDrive\Documents\7.DroneProject\stm32_ardupilot_repo\Ardupilot-v1\STM32F427VITX_FLASH.ld" --specs=nosys.specs -Wl,-Map="Ardupilot-v1.map" -Wl,--gc-sections -static --specs=nano.specs -mfloat-abi=soft -mthumb -Wl,--start-group -lc -lm -Wl,--end-group
C:/ST/STM32CubeIDE_1.19.0/STM32CubeIDE/plugins/com.st.stm32cube.ide.mcu.externaltools.gnu-tools-for-stm32.13.3.rel1.win32_1.0.0.202411081344/tools/bin/../lib/gcc/arm-none-eabi/13.3.1/../../../../arm-none-eabi/bin/ld.exe: ./Src/main.o: in function `change_sp_to_psp':
C:/Users/favas/OneDrive/Documents/7.DroneProject/stm32_ardupilot_repo/Ardupilot-v1/Debug/../Src/main.c:53:(.text.change_sp_to_psp+0x14): undefined reference to `STACK_PSP_START'
collect2.exe: error: ld returned 1 exit status
make: *** [makefile:63: Ardupilot-v1.elf] Error 1
"make -j8 all" terminated with exit code 2. Build might be incomplete.
12:25:06 **** Incremental Build of configuration Debug for project Ardupilot-v1 ****
make -j8 all 
arm-none-eabi-gcc "../Src/main.c" -mcpu=cortex-m4 -std=gnu11 -g3 -DDEBUG -DSTM32F427VITx -DSTM32 -DSTM32F4 -c -I../Inc -O0 -ffunction-sections -fdata-sections -Wall -fstack-usage -fcyclomatic-complexity -MMD -MP -MF"Src/main.d" -MT"Src/main.o" --specs=nano.specs -mfloat-abi=soft -mthumb -o "Src/main.o"
arm-none-eabi-gcc -o "Ardupilot-v1.elf" @"objects.list"   -mcpu=cortex-m4 -T"C:\Users\favas\OneDrive\Documents\7.DroneProject\stm32_ardupilot_repo\Ardupilot-v1\STM32F427VITX_FLASH.ld" --specs=nosys.specs -Wl,-Map="Ardupilot-v1.map" -Wl,--gc-sections -static --specs=nano.specs -mfloat-abi=soft -mthumb -Wl,--start-group -lc -lm -Wl,--end-group
Finished building target: Ardupilot-v1.elf
 
arm-none-eabi-size  Ardupilot-v1.elf 
arm-none-eabi-objdump -h -S Ardupilot-v1.elf  > "Ardupilot-v1.list"
   text	   data	    bss	    dec	    hex	filename
   3736	     92	   1900	   5728	   1660	Ardupilot-v1.elf
Finished building: default.size.stdout
 
Finished building: Ardupilot-v1.list
 
12:25:15 **** Incremental Build of configuration Debug for project Ardupilot-v1 ****
make -j8 all 
arm-none-eabi-size  Ardupilot-v1.elf 
   text	   data	    bss	    dec	    hex	filename
   3736	     92	   1900	   5728	   1660	Ardupilot-v1.elf
Finished building: default.size.stdout
 
15:59:19 **** Incremental Build of configuration Debug for project Ardupilot-v1 ****
make -j8 all 
arm-none-eabi-gcc "../Src/main.c" -mcpu=cortex-m4 -std=gnu11 -g3 -DDEBUG -DSTM32F427VITx -DSTM32 -DSTM32F4 -c -I../Inc -O0 -ffunction-sections -fdata-sections -Wall -fstack-usage -fcyclomatic-complexity -MMD -MP -MF"Src/main.d" -MT"Src/main.o" --specs=nano.specs -mfloat-abi=soft -mthumb -o "Src/main.o"
arm-none-eabi-gcc -o "Ardupilot-v1.elf" @"objects.list"   -mcpu=cortex-m4 -T"C:\Users\favas\OneDrive\Documents\7.DroneProject\stm32_ardupilot_repo\Ardupilot-v1\STM32F427VITX_FLASH.ld" --specs=nosys.specs -Wl,-Map="Ardupilot-v1.map" -Wl,--gc-sections -static --specs=nano.specs -mfloat-abi=soft -mthumb -Wl,--start-group -lc -lm -Wl,--end-group
Finished building target: Ardupilot-v1.elf
 
arm-none-eabi-size  Ardupilot-v1.elf 
arm-none-eabi-objdump -h -S Ardupilot-v1.elf  > "Ardupilot-v1.list"
   text	   data	    bss	    dec	    hex	filename
   3764	     92	   1900	   5756	   167c	Ardupilot-v1.elf
Finished building: default.size.stdout
 
Finished building: Ardupilot-v1.list
 
15:59:47 **** Incremental Build of configuration Debug for project Ardupilot-v1 ****
make -j8 all 
arm-none-eabi-size  Ardupilot-v1.elf 
   text	   data	    bss	    dec	    hex	filename
   3764	     92	   1900	   5756	   167c	Ardupilot-v1.elf
Finished building: default.size.stdout
 
16:01:43 **** Incremental Build of configuration Debug for project Ardupilot-v1 ****
make -j8 all 
arm-none-eabi-gcc "../Src/main.c" -mcpu=cortex-m4 -std=gnu11 -g3 -DDEBUG -DSTM32F427VITx -DSTM32 -DSTM32F4 -c -I../Inc -O0 -ffunction-sections -fdata-sections -Wall -fstack-usage -fcyclomatic-complexity -MMD -MP -MF"Src/main.d" -MT"Src/main.o" --specs=nano.specs -mfloat-abi=soft -mthumb -o "Src/main.o"
../Src/main.c:163:1: error: expected identifier or '(' before '}' token
  163 | }
      | ^
make: *** [Src/subdir.mk:25: Src/main.o] Error 1
"make -j8 all" terminated with exit code 2. Build might be incomplete.
16:01:57 **** Incremental Build of configuration Debug for project Ardupilot-v1 ****
make -j8 all 
arm-none-eabi-gcc "../Src/main.c" -mcpu=cortex-m4 -std=gnu11 -g3 -DDEBUG -DSTM32F427VITx -DSTM32 -DSTM32F4 -c -I../Inc -O0 -ffunction-sections -fdata-sections -Wall -fstack-usage -fcyclomatic-complexity -MMD -MP -MF"Src/main.d" -MT"Src/main.o" --specs=nano.specs -mfloat-abi=soft -mthumb -o "Src/main.o"
arm-none-eabi-gcc -o "Ardupilot-v1.elf" @"objects.list"   -mcpu=cortex-m4 -T"C:\Users\favas\OneDrive\Documents\7.DroneProject\stm32_ardupilot_repo\Ardupilot-v1\STM32F427VITX_FLASH.ld" --specs=nosys.specs -Wl,-Map="Ardupilot-v1.map" -Wl,--gc-sections -static --specs=nano.specs -mfloat-abi=soft -mthumb -Wl,--start-group -lc -lm -Wl,--end-group
Finished building target: Ardupilot-v1.elf
 
arm-none-eabi-size  Ardupilot-v1.elf 
arm-none-eabi-objdump -h -S Ardupilot-v1.elf  > "Ardupilot-v1.list"
   text	   data	    bss	    dec	    hex	filename
   3800	     92	   1900	   5792	   16a0	Ardupilot-v1.elf
Finished building: default.size.stdout
 
Finished building: Ardupilot-v1.list
 
16:02:12 **** Incremental Build of configuration Debug for project Ardupilot-v1 ****
make -j8 all 
arm-none-eabi-size  Ardupilot-v1.elf 
   text	   data	    bss	    dec	    hex	filename
   3800	     92	   1900	   5792	   16a0	Ardupilot-v1.elf
Finished building: default.size.stdout
 
16:03:28 **** Incremental Build of configuration Debug for project Ardupilot-v1 ****
make -j8 all 
arm-none-eabi-gcc "../Src/main.c" -mcpu=cortex-m4 -std=gnu11 -g3 -DDEBUG -DSTM32F427VITx -DSTM32 -DSTM32F4 -c -I../Inc -O0 -ffunction-sections -fdata-sections -Wall -fstack-usage -fcyclomatic-complexity -MMD -MP -MF"Src/main.d" -MT"Src/main.o" --specs=nano.specs -mfloat-abi=soft -mthumb -o "Src/main.o"
arm-none-eabi-gcc -o "Ardupilot-v1.elf" @"objects.list"   -mcpu=cortex-m4 -T"C:\Users\favas\OneDrive\Documents\7.DroneProject\stm32_ardupilot_repo\Ardupilot-v1\STM32F427VITX_FLASH.ld" --specs=nosys.specs -Wl,-Map="Ardupilot-v1.map" -Wl,--gc-sections -static --specs=nano.specs -mfloat-abi=soft -mthumb -Wl,--start-group -lc -lm -Wl,--end-group
Finished building target: Ardupilot-v1.elf
 
arm-none-eabi-size  Ardupilot-v1.elf 
arm-none-eabi-objdump -h -S Ardupilot-v1.elf  > "Ardupilot-v1.list"
   text	   data	    bss	    dec	    hex	filename
   3812	     92	   1900	   5804	   16ac	Ardupilot-v1.elf
Finished building: default.size.stdout
 
Finished building: Ardupilot-v1.list
 
16:03:36 **** Incremental Build of configuration Debug for project Ardupilot-v1 ****
make -j8 all 
arm-none-eabi-size  Ardupilot-v1.elf 
   text	   data	    bss	    dec	    hex	filename
   3812	     92	   1900	   5804	   16ac	Ardupilot-v1.elf
Finished building: default.size.stdout
 
16:06:45 **** Incremental Build of configuration Debug for project Ardupilot-v1 ****
make -j8 all 
arm-none-eabi-size  Ardupilot-v1.elf 
   text	   data	    bss	    dec	    hex	filename
   3812	     92	   1900	   5804	   16ac	Ardupilot-v1.elf
Finished building: default.size.stdout
 
16:11:35 **** Incremental Build of configuration Debug for project Ardupilot-v1 ****
make -j8 all 
arm-none-eabi-size  Ardupilot-v1.elf 
   text	   data	    bss	    dec	    hex	filename
   3812	     92	   1900	   5804	   16ac	Ardupilot-v1.elf
Finished building: default.size.stdout
 
16:15:06 **** Incremental Build of configuration Debug for project Ardupilot-v1 ****
make -j8 all 
arm-none-eabi-gcc "../Src/main.c" -mcpu=cortex-m4 -std=gnu11 -g3 -DDEBUG -DSTM32F427VITx -DSTM32 -DSTM32F4 -c -I../Inc -O0 -ffunction-sections -fdata-sections -Wall -fstack-usage -fcyclomatic-complexity -MMD -MP -MF"Src/main.d" -MT"Src/main.o" --specs=nano.specs -mfloat-abi=soft -mthumb -o "Src/main.o"
arm-none-eabi-gcc -o "Ardupilot-v1.elf" @"objects.list"   -mcpu=cortex-m4 -T"C:\Users\favas\OneDrive\Documents\7.DroneProject\stm32_ardupilot_repo\Ardupilot-v1\STM32F427VITX_FLASH.ld" --specs=nosys.specs -Wl,-Map="Ardupilot-v1.map" -Wl,--gc-sections -static --specs=nano.specs -mfloat-abi=soft -mthumb -Wl,--start-group -lc -lm -Wl,--end-group
Finished building target: Ardupilot-v1.elf
 
arm-none-eabi-size  Ardupilot-v1.elf 
arm-none-eabi-objdump -h -S Ardupilot-v1.elf  > "Ardupilot-v1.list"
   text	   data	    bss	    dec	    hex	filename
   3816	     92	   1900	   5808	   16b0	Ardupilot-v1.elf
Finished building: default.size.stdout
 
Finished building: Ardupilot-v1.list
 
16:15:13 **** Incremental Build of configuration Debug for project Ardupilot-v1 ****
make -j8 all 
arm-none-eabi-size  Ardupilot-v1.elf 
   text	   data	    bss	    dec	    hex	filename
   3816	     92	   1900	   5808	   16b0	Ardupilot-v1.elf
Finished building: default.size.stdout
 
16:16:43 **** Incremental Build of configuration Debug for project Ardupilot-v1 ****
make -j8 all 
arm-none-eabi-size  Ardupilot-v1.elf 
   text	   data	    bss	    dec	    hex	filename
   3816	     92	   1900	   5808	   16b0	Ardupilot-v1.elf
Finished building: default.size.stdout
 
16:16:59 **** Incremental Build of configuration Debug for project Ardupilot-v1 ****
make -j8 all 
arm-none-eabi-gcc "../Src/main.c" -mcpu=cortex-m4 -std=gnu11 -g3 -DDEBUG -DSTM32F427VITx -DSTM32 -DSTM32F4 -c -I../Inc -O0 -ffunction-sections -fdata-sections -Wall -fstack-usage -fcyclomatic-complexity -MMD -MP -MF"Src/main.d" -MT"Src/main.o" --specs=nano.specs -mfloat-abi=soft -mthumb -o "Src/main.o"
arm-none-eabi-gcc -o "Ardupilot-v1.elf" @"objects.list"   -mcpu=cortex-m4 -T"C:\Users\favas\OneDrive\Documents\7.DroneProject\stm32_ardupilot_repo\Ardupilot-v1\STM32F427VITX_FLASH.ld" --specs=nosys.specs -Wl,-Map="Ardupilot-v1.map" -Wl,--gc-sections -static --specs=nano.specs -mfloat-abi=soft -mthumb -Wl,--start-group -lc -lm -Wl,--end-group
Finished building target: Ardupilot-v1.elf
 
arm-none-eabi-size  Ardupilot-v1.elf 
arm-none-eabi-objdump -h -S Ardupilot-v1.elf  > "Ardupilot-v1.list"
   text	   data	    bss	    dec	    hex	filename
   3848	     92	   1900	   5840	   16d0	Ardupilot-v1.elf
Finished building: default.size.stdout
 
Finished building: Ardupilot-v1.list
 
16:17:07 **** Incremental Build of configuration Debug for project Ardupilot-v1 ****
make -j8 all 
arm-none-eabi-size  Ardupilot-v1.elf 
   text	   data	    bss	    dec	    hex	filename
   3848	     92	   1900	   5840	   16d0	Ardupilot-v1.elf
Finished building: default.size.stdout
 
16:18:43 **** Incremental Build of configuration Debug for project Ardupilot-v1 ****
make -j8 all 
arm-none-eabi-gcc "../Src/main.c" -mcpu=cortex-m4 -std=gnu11 -g3 -DDEBUG -DSTM32F427VITx -DSTM32 -DSTM32F4 -c -I../Inc -O0 -ffunction-sections -fdata-sections -Wall -fstack-usage -fcyclomatic-complexity -MMD -MP -MF"Src/main.d" -MT"Src/main.o" --specs=nano.specs -mfloat-abi=soft -mthumb -o "Src/main.o"
arm-none-eabi-gcc -o "Ardupilot-v1.elf" @"objects.list"   -mcpu=cortex-m4 -T"C:\Users\favas\OneDrive\Documents\7.DroneProject\stm32_ardupilot_repo\Ardupilot-v1\STM32F427VITX_FLASH.ld" --specs=nosys.specs -Wl,-Map="Ardupilot-v1.map" -Wl,--gc-sections -static --specs=nano.specs -mfloat-abi=soft -mthumb -Wl,--start-group -lc -lm -Wl,--end-group
Finished building target: Ardupilot-v1.elf
 
arm-none-eabi-size  Ardupilot-v1.elf 
arm-none-eabi-objdump -h -S Ardupilot-v1.elf  > "Ardupilot-v1.list"
   text	   data	    bss	    dec	    hex	filename
   3672	     92	   1900	   5664	   1620	Ardupilot-v1.elf
Finished building: default.size.stdout
 
Finished building: Ardupilot-v1.list
 
16:18:51 **** Incremental Build of configuration Debug for project Ardupilot-v1 ****
make -j8 all 
arm-none-eabi-size  Ardupilot-v1.elf 
   text	   data	    bss	    dec	    hex	filename
   3672	     92	   1900	   5664	   1620	Ardupilot-v1.elf
Finished building: default.size.stdout
 
16:20:46 **** Incremental Build of configuration Debug for project Ardupilot-v1 ****
make -j8 all 
arm-none-eabi-gcc "../Src/main.c" -mcpu=cortex-m4 -std=gnu11 -g3 -DDEBUG -DSTM32F427VITx -DSTM32 -DSTM32F4 -c -I../Inc -O0 -ffunction-sections -fdata-sections -Wall -fstack-usage -fcyclomatic-complexity -MMD -MP -MF"Src/main.d" -MT"Src/main.o" --specs=nano.specs -mfloat-abi=soft -mthumb -o "Src/main.o"
arm-none-eabi-gcc -o "Ardupilot-v1.elf" @"objects.list"   -mcpu=cortex-m4 -T"C:\Users\favas\OneDrive\Documents\7.DroneProject\stm32_ardupilot_repo\Ardupilot-v1\STM32F427VITX_FLASH.ld" --specs=nosys.specs -Wl,-Map="Ardupilot-v1.map" -Wl,--gc-sections -static --specs=nano.specs -mfloat-abi=soft -mthumb -Wl,--start-group -lc -lm -Wl,--end-group
Finished building target: Ardupilot-v1.elf
 
arm-none-eabi-size  Ardupilot-v1.elf 
arm-none-eabi-objdump -h -S Ardupilot-v1.elf  > "Ardupilot-v1.list"
   text	   data	    bss	    dec	    hex	filename
   3668	     92	   1900	   5660	   161c	Ardupilot-v1.elf
Finished building: default.size.stdout
 
Finished building: Ardupilot-v1.list
 
16:20:57 **** Incremental Build of configuration Debug for project Ardupilot-v1 ****
make -j8 all 
arm-none-eabi-size  Ardupilot-v1.elf 
   text	   data	    bss	    dec	    hex	filename
   3668	     92	   1900	   5660	   161c	Ardupilot-v1.elf
Finished building: default.size.stdout
 
16:23:10 **** Incremental Build of configuration Debug for project Ardupilot-v1 ****
make -j8 all 
arm-none-eabi-gcc "../Src/main.c" -mcpu=cortex-m4 -std=gnu11 -g3 -DDEBUG -DSTM32F427VITx -DSTM32 -DSTM32F4 -c -I../Inc -O0 -ffunction-sections -fdata-sections -Wall -fstack-usage -fcyclomatic-complexity -MMD -MP -MF"Src/main.d" -MT"Src/main.o" --specs=nano.specs -mfloat-abi=soft -mthumb -o "Src/main.o"
arm-none-eabi-gcc -o "Ardupilot-v1.elf" @"objects.list"   -mcpu=cortex-m4 -T"C:\Users\favas\OneDrive\Documents\7.DroneProject\stm32_ardupilot_repo\Ardupilot-v1\STM32F427VITX_FLASH.ld" --specs=nosys.specs -Wl,-Map="Ardupilot-v1.map" -Wl,--gc-sections -static --specs=nano.specs -mfloat-abi=soft -mthumb -Wl,--start-group -lc -lm -Wl,--end-group
Finished building target: Ardupilot-v1.elf
 
arm-none-eabi-size  Ardupilot-v1.elf 
arm-none-eabi-objdump -h -S Ardupilot-v1.elf  > "Ardupilot-v1.list"
   text	   data	    bss	    dec	    hex	filename
   3672	     92	   1900	   5664	   1620	Ardupilot-v1.elf
Finished building: default.size.stdout
 
Finished building: Ardupilot-v1.list
 
16:23:19 **** Incremental Build of configuration Debug for project Ardupilot-v1 ****
make -j8 all 
arm-none-eabi-size  Ardupilot-v1.elf 
   text	   data	    bss	    dec	    hex	filename
   3672	     92	   1900	   5664	   1620	Ardupilot-v1.elf
Finished building: default.size.stdout
 
16:27:48 **** Incremental Build of configuration Debug for project Ardupilot-v1 ****
make -j8 all 
arm-none-eabi-size  Ardupilot-v1.elf 
   text	   data	    bss	    dec	    hex	filename
   3672	     92	   1900	   5664	   1620	Ardupilot-v1.elf
Finished building: default.size.stdout
 
16:28:00 **** Incremental Build of configuration Debug for project Ardupilot-v1 ****
make -j8 all 
arm-none-eabi-size  Ardupilot-v1.elf 
   text	   data	    bss	    dec	    hex	filename
   3672	     92	   1900	   5664	   1620	Ardupilot-v1.elf
Finished building: default.size.stdout
 
16:47:26 **** Incremental Build of configuration Debug for project Ardupilot-v1 ****
make -j8 all 
arm-none-eabi-size  Ardupilot-v1.elf 
   text	   data	    bss	    dec	    hex	filename
   3672	     92	   1900	   5664	   1620	Ardupilot-v1.elf
Finished building: default.size.stdout
 
17:24:29 **** Incremental Build of configuration Debug for project Ardupilot-v1 ****
make -j8 all 
arm-none-eabi-gcc "../Src/main.c" -mcpu=cortex-m4 -std=gnu11 -g3 -DDEBUG -DSTM32F427VITx -DSTM32 -DSTM32F4 -c -I../Inc -O0 -ffunction-sections -fdata-sections -Wall -fstack-usage -fcyclomatic-complexity -MMD -MP -MF"Src/main.d" -MT"Src/main.o" --specs=nano.specs -mfloat-abi=soft -mthumb -o "Src/main.o"
arm-none-eabi-gcc -o "Ardupilot-v1.elf" @"objects.list"   -mcpu=cortex-m4 -T"C:\Users\favas\OneDrive\Documents\7.DroneProject\stm32_ardupilot_repo\Ardupilot-v1\STM32F427VITX_FLASH.ld" --specs=nosys.specs -Wl,-Map="Ardupilot-v1.map" -Wl,--gc-sections -static --specs=nano.specs -mfloat-abi=soft -mthumb -Wl,--start-group -lc -lm -Wl,--end-group
Finished building target: Ardupilot-v1.elf
 
arm-none-eabi-size  Ardupilot-v1.elf 
arm-none-eabi-objdump -h -S Ardupilot-v1.elf  > "Ardupilot-v1.list"
   text	   data	    bss	    dec	    hex	filename
   3668	     92	   1900	   5660	   161c	Ardupilot-v1.elf
Finished building: default.size.stdout
 
Finished building: Ardupilot-v1.list
 
17:24:40 **** Incremental Build of configuration Debug for project Ardupilot-v1 ****
make -j8 all 
arm-none-eabi-size  Ardupilot-v1.elf 
   text	   data	    bss	    dec	    hex	filename
   3668	     92	   1900	   5660	   161c	Ardupilot-v1.elf
Finished building: default.size.stdout
 
17:26:33 **** Incremental Build of configuration Debug for project Ardupilot-v1 ****
make -j8 all 
arm-none-eabi-gcc "../Src/main.c" -mcpu=cortex-m4 -std=gnu11 -g3 -DDEBUG -DSTM32F427VITx -DSTM32 -DSTM32F4 -c -I../Inc -O0 -ffunction-sections -fdata-sections -Wall -fstack-usage -fcyclomatic-complexity -MMD -MP -MF"Src/main.d" -MT"Src/main.o" --specs=nano.specs -mfloat-abi=soft -mthumb -o "Src/main.o"
arm-none-eabi-gcc -o "Ardupilot-v1.elf" @"objects.list"   -mcpu=cortex-m4 -T"C:\Users\favas\OneDrive\Documents\7.DroneProject\stm32_ardupilot_repo\Ardupilot-v1\STM32F427VITX_FLASH.ld" --specs=nosys.specs -Wl,-Map="Ardupilot-v1.map" -Wl,--gc-sections -static --specs=nano.specs -mfloat-abi=soft -mthumb -Wl,--start-group -lc -lm -Wl,--end-group
Finished building target: Ardupilot-v1.elf
 
arm-none-eabi-size  Ardupilot-v1.elf 
arm-none-eabi-objdump -h -S Ardupilot-v1.elf  > "Ardupilot-v1.list"
   text	   data	    bss	    dec	    hex	filename
   3668	     92	   1900	   5660	   161c	Ardupilot-v1.elf
Finished building: default.size.stdout
 
Finished building: Ardupilot-v1.list
 
17:26:37 **** Incremental Build of configuration Debug for project Ardupilot-v1 ****
make -j8 all 
arm-none-eabi-size  Ardupilot-v1.elf 
   text	   data	    bss	    dec	    hex	filename
   3668	     92	   1900	   5660	   161c	Ardupilot-v1.elf
Finished building: default.size.stdout
 
17:27:31 **** Incremental Build of configuration Debug for project Ardupilot-v1 ****
make -j8 all 
arm-none-eabi-size  Ardupilot-v1.elf 
   text	   data	    bss	    dec	    hex	filename
   3668	     92	   1900	   5660	   161c	Ardupilot-v1.elf
Finished building: default.size.stdout
 
17:27:38 **** Incremental Build of configuration Debug for project Ardupilot-v1 ****
make -j8 all 
arm-none-eabi-size  Ardupilot-v1.elf 
   text	   data	    bss	    dec	    hex	filename
   3668	     92	   1900	   5660	   161c	Ardupilot-v1.elf
Finished building: default.size.stdout
 
17:28:56 **** Incremental Build of configuration Debug for project Ardupilot-v1 ****
make -j8 all 
arm-none-eabi-gcc "../Src/main.c" -mcpu=cortex-m4 -std=gnu11 -g3 -DDEBUG -DSTM32F427VITx -DSTM32 -DSTM32F4 -c -I../Inc -O0 -ffunction-sections -fdata-sections -Wall -fstack-usage -fcyclomatic-complexity -MMD -MP -MF"Src/main.d" -MT"Src/main.o" --specs=nano.specs -mfloat-abi=soft -mthumb -o "Src/main.o"
../Src/main.c: In function 'main':
../Src/main.c:88:10: error: 'pISER0' undeclared (first use in this function); did you mean 'pISER1'?
   88 |         *pISER0 |= (1 << (USART3_IRQNO % 32));
      |          ^~~~~~
      |          pISER1
../Src/main.c:88:10: note: each undeclared identifier is reported only once for each function it appears in
../Src/main.c:92:10: error: 'pISPR0' undeclared (first use in this function); did you mean 'pISPR1'?
   92 |         *pISPR0 |= (1 << (USART3_IRQNO % 32));
      |          ^~~~~~
      |          pISPR1
../Src/main.c:91:19: warning: unused variable 'pISPR1' [-Wunused-variable]
   91 |         uint32_t *pISPR1 = (uint32_t*)0xE000E200;
      |                   ^~~~~~
../Src/main.c:87:19: warning: unused variable 'pISER1' [-Wunused-variable]
   87 |         uint32_t *pISER1 = (uint32_t*)0xE000E100;
      |                   ^~~~~~
make: *** [Src/subdir.mk:25: Src/main.o] Error 1
"make -j8 all" terminated with exit code 2. Build might be incomplete.
17:29:34 **** Incremental Build of configuration Debug for project Ardupilot-v1 ****
make -j8 all 
arm-none-eabi-gcc "../Src/main.c" -mcpu=cortex-m4 -std=gnu11 -g3 -DDEBUG -DSTM32F427VITx -DSTM32 -DSTM32F4 -c -I../Inc -O0 -ffunction-sections -fdata-sections -Wall -fstack-usage -fcyclomatic-complexity -MMD -MP -MF"Src/main.d" -MT"Src/main.o" --specs=nano.specs -mfloat-abi=soft -mthumb -o "Src/main.o"
arm-none-eabi-gcc -o "Ardupilot-v1.elf" @"objects.list"   -mcpu=cortex-m4 -T"C:\Users\favas\OneDrive\Documents\7.DroneProject\stm32_ardupilot_repo\Ardupilot-v1\STM32F427VITX_FLASH.ld" --specs=nosys.specs -Wl,-Map="Ardupilot-v1.map" -Wl,--gc-sections -static --specs=nano.specs -mfloat-abi=soft -mthumb -Wl,--start-group -lc -lm -Wl,--end-group
Finished building target: Ardupilot-v1.elf
 
arm-none-eabi-size  Ardupilot-v1.elf 
arm-none-eabi-objdump -h -S Ardupilot-v1.elf  > "Ardupilot-v1.list"
   text	   data	    bss	    dec	    hex	filename
   3668	     92	   1900	   5660	   161c	Ardupilot-v1.elf
Finished building: default.size.stdout
 
Finished building: Ardupilot-v1.list
 
17:29:40 **** Incremental Build of configuration Debug for project Ardupilot-v1 ****
make -j8 all 
arm-none-eabi-size  Ardupilot-v1.elf 
   text	   data	    bss	    dec	    hex	filename
   3668	     92	   1900	   5660	   161c	Ardupilot-v1.elf
Finished building: default.size.stdout
 
17:32:35 **** Incremental Build of configuration Debug for project Ardupilot-v1 ****
make -j8 all 
arm-none-eabi-size  Ardupilot-v1.elf 
   text	   data	    bss	    dec	    hex	filename
   3668	     92	   1900	   5660	   161c	Ardupilot-v1.elf
Finished building: default.size.stdout
 
17:32:43 **** Incremental Build of configuration Debug for project Ardupilot-v1 ****
make -j8 all 
arm-none-eabi-size  Ardupilot-v1.elf 
   text	   data	    bss	    dec	    hex	filename
   3668	     92	   1900	   5660	   161c	Ardupilot-v1.elf
Finished building: default.size.stdout
 
17:32:59 **** Incremental Build of configuration Debug for project Ardupilot-v1 ****
make -j8 all 
arm-none-eabi-size  Ardupilot-v1.elf 
   text	   data	    bss	    dec	    hex	filename
   3668	     92	   1900	   5660	   161c	Ardupilot-v1.elf
Finished building: default.size.stdout
 
17:33:16 **** Incremental Build of configuration Debug for project Ardupilot-v1 ****
make -j8 all 
arm-none-eabi-gcc "../Src/main.c" -mcpu=cortex-m4 -std=gnu11 -g3 -DDEBUG -DSTM32F427VITx -DSTM32 -DSTM32F4 -c -I../Inc -O0 -ffunction-sections -fdata-sections -Wall -fstack-usage -fcyclomatic-complexity -MMD -MP -MF"Src/main.d" -MT"Src/main.o" --specs=nano.specs -mfloat-abi=soft -mthumb -o "Src/main.o"
arm-none-eabi-gcc -o "Ardupilot-v1.elf" @"objects.list"   -mcpu=cortex-m4 -T"C:\Users\favas\OneDrive\Documents\7.DroneProject\stm32_ardupilot_repo\Ardupilot-v1\STM32F427VITX_FLASH.ld" --specs=nosys.specs -Wl,-Map="Ardupilot-v1.map" -Wl,--gc-sections -static --specs=nano.specs -mfloat-abi=soft -mthumb -Wl,--start-group -lc -lm -Wl,--end-group
Finished building target: Ardupilot-v1.elf
 
arm-none-eabi-size  Ardupilot-v1.elf 
arm-none-eabi-objdump -h -S Ardupilot-v1.elf  > "Ardupilot-v1.list"
   text	   data	    bss	    dec	    hex	filename
   3672	     92	   1900	   5664	   1620	Ardupilot-v1.elf
Finished building: default.size.stdout
 
Finished building: Ardupilot-v1.list
 
17:33:19 **** Incremental Build of configuration Debug for project Ardupilot-v1 ****
make -j8 all 
arm-none-eabi-size  Ardupilot-v1.elf 
   text	   data	    bss	    dec	    hex	filename
   3672	     92	   1900	   5664	   1620	Ardupilot-v1.elf
Finished building: default.size.stdout
 
17:34:21 **** Incremental Build of configuration Debug for project Ardupilot-v1 ****
make -j8 all 
arm-none-eabi-gcc "../Src/main.c" -mcpu=cortex-m4 -std=gnu11 -g3 -DDEBUG -DSTM32F427VITx -DSTM32 -DSTM32F4 -c -I../Inc -O0 -ffunction-sections -fdata-sections -Wall -fstack-usage -fcyclomatic-complexity -MMD -MP -MF"Src/main.d" -MT"Src/main.o" --specs=nano.specs -mfloat-abi=soft -mthumb -o "Src/main.o"
../Src/main.c: In function 'main':
../Src/main.c:93:23: warning: left shift count >= width of type [-Wshift-count-overflow]
   93 |         *pISER0 |= (1 << USART3_IRQNO);
      |                       ^~
../Src/main.c:100:23: warning: left shift count >= width of type [-Wshift-count-overflow]
  100 |         *pISPR0 |= (1 << USART3_IRQNO);
      |                       ^~
arm-none-eabi-gcc -o "Ardupilot-v1.elf" @"objects.list"   -mcpu=cortex-m4 -T"C:\Users\favas\OneDrive\Documents\7.DroneProject\stm32_ardupilot_repo\Ardupilot-v1\STM32F427VITX_FLASH.ld" --specs=nosys.specs -Wl,-Map="Ardupilot-v1.map" -Wl,--gc-sections -static --specs=nano.specs -mfloat-abi=soft -mthumb -Wl,--start-group -lc -lm -Wl,--end-group
Finished building target: Ardupilot-v1.elf
 
arm-none-eabi-size  Ardupilot-v1.elf 
arm-none-eabi-objdump -h -S Ardupilot-v1.elf  > "Ardupilot-v1.list"
   text	   data	    bss	    dec	    hex	filename
   3664	     92	   1900	   5656	   1618	Ardupilot-v1.elf
Finished building: default.size.stdout
 
Finished building: Ardupilot-v1.list
 
17:35:19 **** Incremental Build of configuration Debug for project Ardupilot-v1 ****
make -j8 all 
arm-none-eabi-gcc "../Src/main.c" -mcpu=cortex-m4 -std=gnu11 -g3 -DDEBUG -DSTM32F427VITx -DSTM32 -DSTM32F4 -c -I../Inc -O0 -ffunction-sections -fdata-sections -Wall -fstack-usage -fcyclomatic-complexity -MMD -MP -MF"Src/main.d" -MT"Src/main.o" --specs=nano.specs -mfloat-abi=soft -mthumb -o "Src/main.o"
../Src/main.c: In function 'main':
../Src/main.c:93:23: warning: left shift count >= width of type [-Wshift-count-overflow]
   93 |         *pISER0 |= (1 << USART3_IRQNO);
      |                       ^~
../Src/main.c:100:23: warning: left shift count >= width of type [-Wshift-count-overflow]
  100 |         *pISPR0 |= (1 << USART3_IRQNO);
      |                       ^~
arm-none-eabi-gcc -o "Ardupilot-v1.elf" @"objects.list"   -mcpu=cortex-m4 -T"C:\Users\favas\OneDrive\Documents\7.DroneProject\stm32_ardupilot_repo\Ardupilot-v1\STM32F427VITX_FLASH.ld" --specs=nosys.specs -Wl,-Map="Ardupilot-v1.map" -Wl,--gc-sections -static --specs=nano.specs -mfloat-abi=soft -mthumb -Wl,--start-group -lc -lm -Wl,--end-group
Finished building target: Ardupilot-v1.elf
 
arm-none-eabi-size  Ardupilot-v1.elf 
arm-none-eabi-objdump -h -S Ardupilot-v1.elf  > "Ardupilot-v1.list"
   text	   data	    bss	    dec	    hex	filename
   3664	     92	   1900	   5656	   1618	Ardupilot-v1.elf
Finished building: default.size.stdout
 
Finished building: Ardupilot-v1.list
 
17:35:23 **** Incremental Build of configuration Debug for project Ardupilot-v1 ****
make -j8 all 
arm-none-eabi-size  Ardupilot-v1.elf 
   text	   data	    bss	    dec	    hex	filename
   3664	     92	   1900	   5656	   1618	Ardupilot-v1.elf
Finished building: default.size.stdout
 
17:35:09 **** Incremental Build of configuration Debug for project Ardupilot-v1 ****
make -j8 all 
arm-none-eabi-gcc "../Src/main.c" -mcpu=cortex-m4 -std=gnu11 -g3 -DDEBUG -DSTM32F427VITx -DSTM32 -DSTM32F4 -c -I../Inc -O0 -ffunction-sections -fdata-sections -Wall -fstack-usage -fcyclomatic-complexity -MMD -MP -MF"Src/main.d" -MT"Src/main.o" --specs=nano.specs -mfloat-abi=soft -mthumb -o "Src/main.o"
../Src/main.c: In function 'main':
../Src/main.c:106:23: warning: left shift count >= width of type [-Wshift-count-overflow]
  106 |         *pISER0 |= (1 << USART3_IRQNO);
      |                       ^~
../Src/main.c:113:23: warning: left shift count >= width of type [-Wshift-count-overflow]
  113 |         *pISPR0 |= (1 << USART3_IRQNO);
      |                       ^~
arm-none-eabi-gcc -o "Ardupilot-v1.elf" @"objects.list"   -mcpu=cortex-m4 -T"C:\Users\favas\OneDrive\Documents\7.DroneProject\stm32_ardupilot_repo\Ardupilot-v1\STM32F427VITX_FLASH.ld" --specs=nosys.specs -Wl,-Map="Ardupilot-v1.map" -Wl,--gc-sections -static --specs=nano.specs -mfloat-abi=soft -mthumb -Wl,--start-group -lc -lm -Wl,--end-group
Finished building target: Ardupilot-v1.elf
 
arm-none-eabi-size  Ardupilot-v1.elf 
arm-none-eabi-objdump -h -S Ardupilot-v1.elf  > "Ardupilot-v1.list"
   text	   data	    bss	    dec	    hex	filename
   3712	     92	   1900	   5704	   1648	Ardupilot-v1.elf
Finished building: default.size.stdout
 
Finished building: Ardupilot-v1.list
 
17:36:51 **** Incremental Build of configuration Debug for project Ardupilot-v1 ****
make -j8 all 
arm-none-eabi-size  Ardupilot-v1.elf 
   text	   data	    bss	    dec	    hex	filename
   3712	     92	   1900	   5704	   1648	Ardupilot-v1.elf
Finished building: default.size.stdout
 
17:37:04 **** Incremental Build of configuration Debug for project Ardupilot-v1 ****
make -j8 all 
arm-none-eabi-size  Ardupilot-v1.elf 
   text	   data	    bss	    dec	    hex	filename
   3712	     92	   1900	   5704	   1648	Ardupilot-v1.elf
Finished building: default.size.stdout
 
11:01:14 **** Incremental Build of configuration Debug for project Ardupilot-v1 ****
make -j8 all 
arm-none-eabi-size  Ardupilot-v1.elf 
   text	   data	    bss	    dec	    hex	filename
   3712	     92	   1900	   5704	   1648	Ardupilot-v1.elf
Finished building: default.size.stdout
 
11:01:23 **** Incremental Build of configuration Debug for project Ardupilot-v1 ****
make -j8 all 
arm-none-eabi-size  Ardupilot-v1.elf 
   text	   data	    bss	    dec	    hex	filename
   3712	     92	   1900	   5704	   1648	Ardupilot-v1.elf
Finished building: default.size.stdout
 
11:04:37 **** Incremental Build of configuration Debug for project Ardupilot-v1 ****
make -j8 all 
arm-none-eabi-gcc "../Src/main.c" -mcpu=cortex-m4 -std=gnu11 -g3 -DDEBUG -DSTM32F427VITx -DSTM32 -DSTM32F4 -c -I../Inc -O0 -ffunction-sections -fdata-sections -Wall -fstack-usage -fcyclomatic-complexity -MMD -MP -MF"Src/main.d" -MT"Src/main.o" --specs=nano.specs -mfloat-abi=soft -mthumb -o "Src/main.o"
arm-none-eabi-gcc -o "Ardupilot-v1.elf" @"objects.list"   -mcpu=cortex-m4 -T"C:\Users\favas\OneDrive\Documents\7.DroneProject\stm32_ardupilot_repo\Ardupilot-v1\STM32F427VITX_FLASH.ld" --specs=nosys.specs -Wl,-Map="Ardupilot-v1.map" -Wl,--gc-sections -static --specs=nano.specs -mfloat-abi=soft -mthumb -Wl,--start-group -lc -lm -Wl,--end-group
Finished building target: Ardupilot-v1.elf
 
arm-none-eabi-size  Ardupilot-v1.elf 
arm-none-eabi-objdump -h -S Ardupilot-v1.elf  > "Ardupilot-v1.list"
   text	   data	    bss	    dec	    hex	filename
   3720	     92	   1900	   5712	   1650	Ardupilot-v1.elf
Finished building: default.size.stdout
 
Finished building: Ardupilot-v1.list
 
11:04:42 **** Incremental Build of configuration Debug for project Ardupilot-v1 ****
make -j8 all 
arm-none-eabi-size  Ardupilot-v1.elf 
   text	   data	    bss	    dec	    hex	filename
   3720	     92	   1900	   5712	   1650	Ardupilot-v1.elf
Finished building: default.size.stdout
 
11:20:43 **** Incremental Build of configuration Debug for project Ardupilot-v1 ****
make -j8 all 
arm-none-eabi-gcc "../Src/main.c" -mcpu=cortex-m4 -std=gnu11 -g3 -DDEBUG -DSTM32F427VITx -DSTM32 -DSTM32F4 -c -I../Inc -O0 -ffunction-sections -fdata-sections -Wall -fstack-usage -fcyclomatic-complexity -MMD -MP -MF"Src/main.d" -MT"Src/main.o" --specs=nano.specs -mfloat-abi=soft -mthumb -o "Src/main.o"
arm-none-eabi-gcc -o "Ardupilot-v1.elf" @"objects.list"   -mcpu=cortex-m4 -T"C:\Users\favas\OneDrive\Documents\7.DroneProject\stm32_ardupilot_repo\Ardupilot-v1\STM32F427VITX_FLASH.ld" --specs=nosys.specs -Wl,-Map="Ardupilot-v1.map" -Wl,--gc-sections -static --specs=nano.specs -mfloat-abi=soft -mthumb -Wl,--start-group -lc -lm -Wl,--end-group
Finished building target: Ardupilot-v1.elf
 
arm-none-eabi-size  Ardupilot-v1.elf 
arm-none-eabi-objdump -h -S Ardupilot-v1.elf  > "Ardupilot-v1.list"
   text	   data	    bss	    dec	    hex	filename
   3840	     92	   1900	   5832	   16c8	Ardupilot-v1.elf
Finished building: default.size.stdout
 
Finished building: Ardupilot-v1.list
 
11:21:09 **** Incremental Build of configuration Debug for project Ardupilot-v1 ****
make -j8 all 
arm-none-eabi-size  Ardupilot-v1.elf 
   text	   data	    bss	    dec	    hex	filename
   3840	     92	   1900	   5832	   16c8	Ardupilot-v1.elf
Finished building: default.size.stdout
 
11:24:30 **** Incremental Build of configuration Debug for project Ardupilot-v1 ****
make -j8 all 
arm-none-eabi-gcc "../Src/main.c" -mcpu=cortex-m4 -std=gnu11 -g3 -DDEBUG -DSTM32F427VITx -DSTM32 -DSTM32F4 -c -I../Inc -O0 -ffunction-sections -fdata-sections -Wall -fstack-usage -fcyclomatic-complexity -MMD -MP -MF"Src/main.d" -MT"Src/main.o" --specs=nano.specs -mfloat-abi=soft -mthumb -o "Src/main.o"
../Src/main.c: In function 'main':
../Src/main.c:115:9: warning: implicit declaration of function '__enable_irq' [-Wimplicit-function-declaration]
  115 |         __enable_irq();
      |         ^~~~~~~~~~~~
arm-none-eabi-gcc -o "Ardupilot-v1.elf" @"objects.list"   -mcpu=cortex-m4 -T"C:\Users\favas\OneDrive\Documents\7.DroneProject\stm32_ardupilot_repo\Ardupilot-v1\STM32F427VITX_FLASH.ld" --specs=nosys.specs -Wl,-Map="Ardupilot-v1.map" -Wl,--gc-sections -static --specs=nano.specs -mfloat-abi=soft -mthumb -Wl,--start-group -lc -lm -Wl,--end-group
C:/ST/STM32CubeIDE_1.19.0/STM32CubeIDE/plugins/com.st.stm32cube.ide.mcu.externaltools.gnu-tools-for-stm32.13.3.rel1.win32_1.0.0.202411081344/tools/bin/../lib/gcc/arm-none-eabi/13.3.1/../../../../arm-none-eabi/bin/ld.exe: ./Src/main.o: in function `main':
C:/Users/favas/OneDrive/Documents/7.DroneProject/stm32_ardupilot_repo/Ardupilot-v1/Debug/../Src/main.c:115:(.text.main+0x6): undefined reference to `__enable_irq'
collect2.exe: error: ld returned 1 exit status
make: *** [makefile:63: Ardupilot-v1.elf] Error 1
"make -j8 all" terminated with exit code 2. Build might be incomplete.
11:26:09 **** Incremental Build of configuration Debug for project Ardupilot-v1 ****
make -j8 all 
arm-none-eabi-size  Ardupilot-v1.elf 
arm-none-eabi-objdump -h -S Ardupilot-v1.elf  > "Ardupilot-v1.list"
arm-none-eabi-size: Ardupilot-v1.elf: file format not recognized
make: *** [makefile:68: default.size.stdout] Error 3
make: *** Waiting for unfinished jobs....
arm-none-eabi-objdump: Ardupilot-v1.elf: file format not recognized
make: *** [makefile:73: Ardupilot-v1.list] Error 1
"make -j8 all" terminated with exit code 2. Build might be incomplete.
11:26:51 **** Incremental Build of configuration Debug for project Ardupilot-v1 ****
make -j8 all 
arm-none-eabi-gcc "../Src/main.c" -mcpu=cortex-m4 -std=gnu11 -g3 -DDEBUG -DSTM32F427VITx -DSTM32 -DSTM32F4 -c -I../Inc -O0 -ffunction-sections -fdata-sections -Wall -fstack-usage -fcyclomatic-complexity -MMD -MP -MF"Src/main.d" -MT"Src/main.o" --specs=nano.specs -mfloat-abi=soft -mthumb -o "Src/main.o"
arm-none-eabi-gcc -o "Ardupilot-v1.elf" @"objects.list"   -mcpu=cortex-m4 -T"C:\Users\favas\OneDrive\Documents\7.DroneProject\stm32_ardupilot_repo\Ardupilot-v1\STM32F427VITX_FLASH.ld" --specs=nosys.specs -Wl,-Map="Ardupilot-v1.map" -Wl,--gc-sections -static --specs=nano.specs -mfloat-abi=soft -mthumb -Wl,--start-group -lc -lm -Wl,--end-group
Finished building target: Ardupilot-v1.elf
 
arm-none-eabi-size  Ardupilot-v1.elf 
arm-none-eabi-objdump -h -S Ardupilot-v1.elf  > "Ardupilot-v1.list"
   text	   data	    bss	    dec	    hex	filename
   3852	     92	   1900	   5844	   16d4	Ardupilot-v1.elf
Finished building: default.size.stdout
 
Finished building: Ardupilot-v1.list
 
11:26:54 **** Incremental Build of configuration Debug for project Ardupilot-v1 ****
make -j8 all 
arm-none-eabi-size  Ardupilot-v1.elf 
   text	   data	    bss	    dec	    hex	filename
   3852	     92	   1900	   5844	   16d4	Ardupilot-v1.elf
Finished building: default.size.stdout
 
11:30:09 **** Incremental Build of configuration Debug for project Ardupilot-v1 ****
make -j8 all 
arm-none-eabi-size  Ardupilot-v1.elf 
   text	   data	    bss	    dec	    hex	filename
   3852	     92	   1900	   5844	   16d4	Ardupilot-v1.elf
Finished building: default.size.stdout
 
11:30:17 **** Incremental Build of configuration Debug for project Ardupilot-v1 ****
make -j8 all 
arm-none-eabi-size  Ardupilot-v1.elf 
   text	   data	    bss	    dec	    hex	filename
   3852	     92	   1900	   5844	   16d4	Ardupilot-v1.elf
Finished building: default.size.stdout
 
11:31:17 **** Incremental Build of configuration Debug for project Ardupilot-v1 ****
make -j8 all 
arm-none-eabi-gcc "../Src/main.c" -mcpu=cortex-m4 -std=gnu11 -g3 -DDEBUG -DSTM32F427VITx -DSTM32 -DSTM32F4 -c -I../Inc -O0 -ffunction-sections -fdata-sections -Wall -fstack-usage -fcyclomatic-complexity -MMD -MP -MF"Src/main.d" -MT"Src/main.o" --specs=nano.specs -mfloat-abi=soft -mthumb -o "Src/main.o"
arm-none-eabi-gcc -o "Ardupilot-v1.elf" @"objects.list"   -mcpu=cortex-m4 -T"C:\Users\favas\OneDrive\Documents\7.DroneProject\stm32_ardupilot_repo\Ardupilot-v1\STM32F427VITX_FLASH.ld" --specs=nosys.specs -Wl,-Map="Ardupilot-v1.map" -Wl,--gc-sections -static --specs=nano.specs -mfloat-abi=soft -mthumb -Wl,--start-group -lc -lm -Wl,--end-group
Finished building target: Ardupilot-v1.elf
 
arm-none-eabi-size  Ardupilot-v1.elf 
arm-none-eabi-objdump -h -S Ardupilot-v1.elf  > "Ardupilot-v1.list"
   text	   data	    bss	    dec	    hex	filename
   3852	     92	   1900	   5844	   16d4	Ardupilot-v1.elf
Finished building: default.size.stdout
 
Finished building: Ardupilot-v1.list
 
11:31:20 **** Incremental Build of configuration Debug for project Ardupilot-v1 ****
make -j8 all 
arm-none-eabi-size  Ardupilot-v1.elf 
   text	   data	    bss	    dec	    hex	filename
   3852	     92	   1900	   5844	   16d4	Ardupilot-v1.elf
Finished building: default.size.stdout
 
11:33:21 **** Incremental Build of configuration Debug for project Ardupilot-v1 ****
make -j8 all 
arm-none-eabi-gcc "../Src/main.c" -mcpu=cortex-m4 -std=gnu11 -g3 -DDEBUG -DSTM32F427VITx -DSTM32 -DSTM32F4 -c -I../Inc -O0 -ffunction-sections -fdata-sections -Wall -fstack-usage -fcyclomatic-complexity -MMD -MP -MF"Src/main.d" -MT"Src/main.o" --specs=nano.specs -mfloat-abi=soft -mthumb -o "Src/main.o"
arm-none-eabi-gcc -o "Ardupilot-v1.elf" @"objects.list"   -mcpu=cortex-m4 -T"C:\Users\favas\OneDrive\Documents\7.DroneProject\stm32_ardupilot_repo\Ardupilot-v1\STM32F427VITX_FLASH.ld" --specs=nosys.specs -Wl,-Map="Ardupilot-v1.map" -Wl,--gc-sections -static --specs=nano.specs -mfloat-abi=soft -mthumb -Wl,--start-group -lc -lm -Wl,--end-group
Finished building target: Ardupilot-v1.elf
 
arm-none-eabi-size  Ardupilot-v1.elf 
arm-none-eabi-objdump -h -S Ardupilot-v1.elf  > "Ardupilot-v1.list"
   text	   data	    bss	    dec	    hex	filename
   3852	     92	   1900	   5844	   16d4	Ardupilot-v1.elf
Finished building: default.size.stdout
 
Finished building: Ardupilot-v1.list
 
11:33:25 **** Incremental Build of configuration Debug for project Ardupilot-v1 ****
make -j8 all 
arm-none-eabi-size  Ardupilot-v1.elf 
   text	   data	    bss	    dec	    hex	filename
   3852	     92	   1900	   5844	   16d4	Ardupilot-v1.elf
Finished building: default.size.stdout
 
11:38:18 **** Incremental Build of configuration Debug for project Ardupilot-v1 ****
make -j8 all 
arm-none-eabi-size  Ardupilot-v1.elf 
   text	   data	    bss	    dec	    hex	filename
   3852	     92	   1900	   5844	   16d4	Ardupilot-v1.elf
Finished building: default.size.stdout
 
11:38:39 **** Incremental Build of configuration Debug for project Ardupilot-v1 ****
make -j8 all 
arm-none-eabi-gcc "../Src/main.c" -mcpu=cortex-m4 -std=gnu11 -g3 -DDEBUG -DSTM32F427VITx -DSTM32 -DSTM32F4 -c -I../Inc -O0 -ffunction-sections -fdata-sections -Wall -fstack-usage -fcyclomatic-complexity -MMD -MP -MF"Src/main.d" -MT"Src/main.o" --specs=nano.specs -mfloat-abi=soft -mthumb -o "Src/main.o"
arm-none-eabi-gcc -o "Ardupilot-v1.elf" @"objects.list"   -mcpu=cortex-m4 -T"C:\Users\favas\OneDrive\Documents\7.DroneProject\stm32_ardupilot_repo\Ardupilot-v1\STM32F427VITX_FLASH.ld" --specs=nosys.specs -Wl,-Map="Ardupilot-v1.map" -Wl,--gc-sections -static --specs=nano.specs -mfloat-abi=soft -mthumb -Wl,--start-group -lc -lm -Wl,--end-group
Finished building target: Ardupilot-v1.elf
 
arm-none-eabi-size  Ardupilot-v1.elf 
arm-none-eabi-objdump -h -S Ardupilot-v1.elf  > "Ardupilot-v1.list"
   text	   data	    bss	    dec	    hex	filename
   4000	     92	   1900	   5992	   1768	Ardupilot-v1.elf
Finished building: default.size.stdout
 
Finished building: Ardupilot-v1.list
 
11:38:42 **** Incremental Build of configuration Debug for project Ardupilot-v1 ****
make -j8 all 
arm-none-eabi-size  Ardupilot-v1.elf 
   text	   data	    bss	    dec	    hex	filename
   4000	     92	   1900	   5992	   1768	Ardupilot-v1.elf
Finished building: default.size.stdout
 
11:40:30 **** Incremental Build of configuration Debug for project Ardupilot-v1 ****
make -j8 all 
arm-none-eabi-size  Ardupilot-v1.elf 
   text	   data	    bss	    dec	    hex	filename
   4000	     92	   1900	   5992	   1768	Ardupilot-v1.elf
Finished building: default.size.stdout
 
12:32:04 **** Incremental Build of configuration Debug for project Ardupilot-v1 ****
make -j8 all 
arm-none-eabi-size  Ardupilot-v1.elf 
   text	   data	    bss	    dec	    hex	filename
   4000	     92	   1900	   5992	   1768	Ardupilot-v1.elf
Finished building: default.size.stdout
 
12:32:04 **** Build of configuration Debug for project scheduler_implementation ****
make -j8 all 
arm-none-eabi-gcc -mcpu=cortex-m4 -g3 -DDEBUG -c -x assembler-with-cpp -MMD -MP -MF"Startup/startup_stm32f427vitx.d" -MT"Startup/startup_stm32f427vitx.o" --specs=nano.specs -mfpu=fpv4-sp-d16 -mfloat-abi=hard -mthumb -o "Startup/startup_stm32f427vitx.o" "../Startup/startup_stm32f427vitx.s"
arm-none-eabi-gcc "../Src/main.c" -mcpu=cortex-m4 -std=gnu11 -g3 -DDEBUG -DSTM32F427VITx -DSTM32 -DSTM32F4 -c -I../Inc -O0 -ffunction-sections -fdata-sections -Wall -fstack-usage -fcyclomatic-complexity -MMD -MP -MF"Src/main.d" -MT"Src/main.o" --specs=nano.specs -mfpu=fpv4-sp-d16 -mfloat-abi=hard -mthumb -o "Src/main.o"
arm-none-eabi-gcc "../Src/syscalls.c" -mcpu=cortex-m4 -std=gnu11 -g3 -DDEBUG -DSTM32F427VITx -DSTM32 -DSTM32F4 -c -I../Inc -O0 -ffunction-sections -fdata-sections -Wall -fstack-usage -fcyclomatic-complexity -MMD -MP -MF"Src/syscalls.d" -MT"Src/syscalls.o" --specs=nano.specs -mfpu=fpv4-sp-d16 -mfloat-abi=hard -mthumb -o "Src/syscalls.o"
arm-none-eabi-gcc "../Src/sysmem.c" -mcpu=cortex-m4 -std=gnu11 -g3 -DDEBUG -DSTM32F427VITx -DSTM32 -DSTM32F4 -c -I../Inc -O0 -ffunction-sections -fdata-sections -Wall -fstack-usage -fcyclomatic-complexity -MMD -MP -MF"Src/sysmem.d" -MT"Src/sysmem.o" --specs=nano.specs -mfpu=fpv4-sp-d16 -mfloat-abi=hard -mthumb -o "Src/sysmem.o"
../Src/main.c:23:4: warning: #warning "FPU is not initialized, but the project is compiling for an FPU. Please initialize the FPU before use." [-Wcpp]
   23 |   #warning "FPU is not initialized, but the project is compiling for an FPU. Please initialize the FPU before use."
      |    ^~~~~~~
arm-none-eabi-gcc -o "scheduler_implementation.elf" @"objects.list"   -mcpu=cortex-m4 -T"C:\Users\favas\OneDrive\Documents\7.DroneProject\stm32_ardupilot_repo\scheduler_implementation\STM32F427VITX_FLASH.ld" --specs=nosys.specs -Wl,-Map="scheduler_implementation.map" -Wl,--gc-sections -static --specs=nano.specs -mfpu=fpv4-sp-d16 -mfloat-abi=hard -mthumb -Wl,--start-group -lc -lm -Wl,--end-group
Finished building target: scheduler_implementation.elf
 
arm-none-eabi-size  scheduler_implementation.elf 
arm-none-eabi-objdump -h -S scheduler_implementation.elf  > "scheduler_implementation.list"
   text	   data	    bss	    dec	    hex	filename
   3944	     92	   1900	   5936	   1730	scheduler_implementation.elf
Finished building: default.size.stdout
 
Finished building: scheduler_implementation.list
 
12:32:30 **** Incremental Build of configuration Debug for project scheduler_implementation ****
make -j8 all 
arm-none-eabi-size  scheduler_implementation.elf 
   text	   data	    bss	    dec	    hex	filename
   3944	     92	   1900	   5936	   1730	scheduler_implementation.elf
Finished building: default.size.stdout
 
12:33:26 **** Incremental Build of configuration Debug for project scheduler_implementation ****
make -j8 all 
arm-none-eabi-size  scheduler_implementation.elf 
   text	   data	    bss	    dec	    hex	filename
   3944	     92	   1900	   5936	   1730	scheduler_implementation.elf
Finished building: default.size.stdout
 
12:35:53 **** Incremental Build of configuration Debug for project Ardupilot-v1 ****
make -j8 all 
arm-none-eabi-size  Ardupilot-v1.elf 
   text	   data	    bss	    dec	    hex	filename
   4000	     92	   1900	   5992	   1768	Ardupilot-v1.elf
Finished building: default.size.stdout
 
12:38:12 **** Incremental Build of configuration Debug for project Ardupilot-v1 ****
make -j8 all 
arm-none-eabi-gcc "../Src/main.c" -mcpu=cortex-m4 -std=gnu11 -g3 -DDEBUG -DSTM32F427VITx -DSTM32 -DSTM32F4 -c -I../Inc -O0 -ffunction-sections -fdata-sections -Wall -fstack-usage -fcyclomatic-complexity -MMD -MP -MF"Src/main.d" -MT"Src/main.o" --specs=nano.specs -mfloat-abi=soft -mthumb -o "Src/main.o"
../Src/main.c: In function 'SysTick_Handler':
../Src/main.c:246:43: error: expected ';' before '}' token
  246 |         printf("In systick handler isr\n")
      |                                           ^
      |                                           ;
  247 | }
      | ~                                          
make: *** [Src/subdir.mk:25: Src/main.o] Error 1
"make -j8 all" terminated with exit code 2. Build might be incomplete.
12:38:19 **** Incremental Build of configuration Debug for project Ardupilot-v1 ****
make -j8 all 
arm-none-eabi-gcc "../Src/main.c" -mcpu=cortex-m4 -std=gnu11 -g3 -DDEBUG -DSTM32F427VITx -DSTM32 -DSTM32F4 -c -I../Inc -O0 -ffunction-sections -fdata-sections -Wall -fstack-usage -fcyclomatic-complexity -MMD -MP -MF"Src/main.d" -MT"Src/main.o" --specs=nano.specs -mfloat-abi=soft -mthumb -o "Src/main.o"
arm-none-eabi-gcc -o "Ardupilot-v1.elf" @"objects.list"   -mcpu=cortex-m4 -T"C:\Users\favas\OneDrive\Documents\7.DroneProject\stm32_ardupilot_repo\Ardupilot-v1\STM32F427VITX_FLASH.ld" --specs=nosys.specs -Wl,-Map="Ardupilot-v1.map" -Wl,--gc-sections -static --specs=nano.specs -mfloat-abi=soft -mthumb -Wl,--start-group -lc -lm -Wl,--end-group
Finished building target: Ardupilot-v1.elf
 
arm-none-eabi-size  Ardupilot-v1.elf 
arm-none-eabi-objdump -h -S Ardupilot-v1.elf  > "Ardupilot-v1.list"
   text	   data	    bss	    dec	    hex	filename
   4032	     92	   1900	   6024	   1788	Ardupilot-v1.elf
Finished building: default.size.stdout
 
Finished building: Ardupilot-v1.list
 
12:38:24 **** Incremental Build of configuration Debug for project Ardupilot-v1 ****
make -j8 all 
arm-none-eabi-size  Ardupilot-v1.elf 
   text	   data	    bss	    dec	    hex	filename
   4032	     92	   1900	   6024	   1788	Ardupilot-v1.elf
Finished building: default.size.stdout
 
12:44:18 **** Incremental Build of configuration Debug for project Ardupilot-v1 ****
make -j8 all 
arm-none-eabi-size  Ardupilot-v1.elf 
   text	   data	    bss	    dec	    hex	filename
   4032	     92	   1900	   6024	   1788	Ardupilot-v1.elf
Finished building: default.size.stdout
 
12:45:33 **** Incremental Build of configuration Debug for project Ardupilot-v1 ****
make -j8 all 
arm-none-eabi-size  Ardupilot-v1.elf 
   text	   data	    bss	    dec	    hex	filename
   4032	     92	   1900	   6024	   1788	Ardupilot-v1.elf
Finished building: default.size.stdout
 
12:47:42 **** Incremental Build of configuration Debug for project Ardupilot-v1 ****
make -j8 all 
arm-none-eabi-size  Ardupilot-v1.elf 
   text	   data	    bss	    dec	    hex	filename
   4032	     92	   1900	   6024	   1788	Ardupilot-v1.elf
Finished building: default.size.stdout
 
12:47:58 **** Incremental Build of configuration Debug for project Ardupilot-v1 ****
make -j8 all 
arm-none-eabi-size  Ardupilot-v1.elf 
   text	   data	    bss	    dec	    hex	filename
   4032	     92	   1900	   6024	   1788	Ardupilot-v1.elf
Finished building: default.size.stdout
 
12:49:03 **** Incremental Build of configuration Debug for project Ardupilot-v1 ****
make -j8 all 
arm-none-eabi-size  Ardupilot-v1.elf 
   text	   data	    bss	    dec	    hex	filename
   4032	     92	   1900	   6024	   1788	Ardupilot-v1.elf
Finished building: default.size.stdout
 
12:49:23 **** Incremental Build of configuration Debug for project Ardupilot-v1 ****
make -j8 all 
arm-none-eabi-size  Ardupilot-v1.elf 
   text	   data	    bss	    dec	    hex	filename
   4032	     92	   1900	   6024	   1788	Ardupilot-v1.elf
Finished building: default.size.stdout
 
12:49:38 **** Incremental Build of configuration Debug for project Ardupilot-v1 ****
make -j8 all 
arm-none-eabi-size  Ardupilot-v1.elf 
   text	   data	    bss	    dec	    hex	filename
   4032	     92	   1900	   6024	   1788	Ardupilot-v1.elf
Finished building: default.size.stdout
 
12:50:19 **** Incremental Build of configuration Debug for project Ardupilot-v1 ****
make -j8 all 
arm-none-eabi-gcc "../Src/main.c" -mcpu=cortex-m4 -std=gnu11 -g3 -DDEBUG -DSTM32F427VITx -DSTM32 -DSTM32F4 -c -I../Inc -O0 -ffunction-sections -fdata-sections -Wall -fstack-usage -fcyclomatic-complexity -MMD -MP -MF"Src/main.d" -MT"Src/main.o" --specs=nano.specs -mfloat-abi=soft -mthumb -o "Src/main.o"
../Src/main.c: In function 'main':
../Src/main.c:132:23: warning: left shift count >= width of type [-Wshift-count-overflow]
  132 |         *pISER1 |= (1 << USART3_IRQNO);
      |                       ^~
../Src/main.c:139:23: warning: left shift count >= width of type [-Wshift-count-overflow]
  139 |         *pISPR1 |= (1 << USART3_IRQNO);
      |                       ^~
arm-none-eabi-gcc -o "Ardupilot-v1.elf" @"objects.list"   -mcpu=cortex-m4 -T"C:\Users\favas\OneDrive\Documents\7.DroneProject\stm32_ardupilot_repo\Ardupilot-v1\STM32F427VITX_FLASH.ld" --specs=nosys.specs -Wl,-Map="Ardupilot-v1.map" -Wl,--gc-sections -static --specs=nano.specs -mfloat-abi=soft -mthumb -Wl,--start-group -lc -lm -Wl,--end-group
Finished building target: Ardupilot-v1.elf
 
arm-none-eabi-size  Ardupilot-v1.elf 
arm-none-eabi-objdump -h -S Ardupilot-v1.elf  > "Ardupilot-v1.list"
   text	   data	    bss	    dec	    hex	filename
   4024	     92	   1900	   6016	   1780	Ardupilot-v1.elf
Finished building: default.size.stdout
 
Finished building: Ardupilot-v1.list
 
12:50:43 **** Incremental Build of configuration Debug for project Ardupilot-v1 ****
make -j8 all 
arm-none-eabi-gcc "../Src/main.c" -mcpu=cortex-m4 -std=gnu11 -g3 -DDEBUG -DSTM32F427VITx -DSTM32 -DSTM32F4 -c -I../Inc -O0 -ffunction-sections -fdata-sections -Wall -fstack-usage -fcyclomatic-complexity -MMD -MP -MF"Src/main.d" -MT"Src/main.o" --specs=nano.specs -mfloat-abi=soft -mthumb -o "Src/main.o"
arm-none-eabi-gcc -o "Ardupilot-v1.elf" @"objects.list"   -mcpu=cortex-m4 -T"C:\Users\favas\OneDrive\Documents\7.DroneProject\stm32_ardupilot_repo\Ardupilot-v1\STM32F427VITX_FLASH.ld" --specs=nosys.specs -Wl,-Map="Ardupilot-v1.map" -Wl,--gc-sections -static --specs=nano.specs -mfloat-abi=soft -mthumb -Wl,--start-group -lc -lm -Wl,--end-group
Finished building target: Ardupilot-v1.elf
 
arm-none-eabi-size  Ardupilot-v1.elf 
arm-none-eabi-objdump -h -S Ardupilot-v1.elf  > "Ardupilot-v1.list"
   text	   data	    bss	    dec	    hex	filename
   4032	     92	   1900	   6024	   1788	Ardupilot-v1.elf
Finished building: default.size.stdout
 
Finished building: Ardupilot-v1.list
 
12:50:53 **** Incremental Build of configuration Debug for project Ardupilot-v1 ****
make -j8 all 
arm-none-eabi-size  Ardupilot-v1.elf 
   text	   data	    bss	    dec	    hex	filename
   4032	     92	   1900	   6024	   1788	Ardupilot-v1.elf
Finished building: default.size.stdout
 
12:52:18 **** Incremental Build of configuration Debug for project Ardupilot-v1 ****
make -j8 all 
arm-none-eabi-gcc "../Src/main.c" -mcpu=cortex-m4 -std=gnu11 -g3 -DDEBUG -DSTM32F427VITx -DSTM32 -DSTM32F4 -c -I../Inc -O0 -ffunction-sections -fdata-sections -Wall -fstack-usage -fcyclomatic-complexity -MMD -MP -MF"Src/main.d" -MT"Src/main.o" --specs=nano.specs -mfloat-abi=soft -mthumb -o "Src/main.o"
arm-none-eabi-gcc -o "Ardupilot-v1.elf" @"objects.list"   -mcpu=cortex-m4 -T"C:\Users\favas\OneDrive\Documents\7.DroneProject\stm32_ardupilot_repo\Ardupilot-v1\STM32F427VITX_FLASH.ld" --specs=nosys.specs -Wl,-Map="Ardupilot-v1.map" -Wl,--gc-sections -static --specs=nano.specs -mfloat-abi=soft -mthumb -Wl,--start-group -lc -lm -Wl,--end-group
Finished building target: Ardupilot-v1.elf
 
arm-none-eabi-size  Ardupilot-v1.elf 
arm-none-eabi-objdump -h -S Ardupilot-v1.elf  > "Ardupilot-v1.list"
   text	   data	    bss	    dec	    hex	filename
   4032	     92	   1900	   6024	   1788	Ardupilot-v1.elf
Finished building: default.size.stdout
 
Finished building: Ardupilot-v1.list
 
12:52:22 **** Incremental Build of configuration Debug for project Ardupilot-v1 ****
make -j8 all 
arm-none-eabi-size  Ardupilot-v1.elf 
   text	   data	    bss	    dec	    hex	filename
   4032	     92	   1900	   6024	   1788	Ardupilot-v1.elf
Finished building: default.size.stdout
 
12:53:38 **** Incremental Build of configuration Debug for project Ardupilot-v1 ****
make -j8 all 
arm-none-eabi-size  Ardupilot-v1.elf 
   text	   data	    bss	    dec	    hex	filename
   4032	     92	   1900	   6024	   1788	Ardupilot-v1.elf
Finished building: default.size.stdout
 
12:54:45 **** Incremental Build of configuration Debug for project Ardupilot-v1 ****
make -j8 all 
arm-none-eabi-gcc "../Src/main.c" -mcpu=cortex-m4 -std=gnu11 -g3 -DDEBUG -DSTM32F427VITx -DSTM32 -DSTM32F4 -c -I../Inc -O0 -ffunction-sections -fdata-sections -Wall -fstack-usage -fcyclomatic-complexity -MMD -MP -MF"Src/main.d" -MT"Src/main.o" --specs=nano.specs -mfloat-abi=soft -mthumb -o "Src/main.o"
arm-none-eabi-gcc -o "Ardupilot-v1.elf" @"objects.list"   -mcpu=cortex-m4 -T"C:\Users\favas\OneDrive\Documents\7.DroneProject\stm32_ardupilot_repo\Ardupilot-v1\STM32F427VITX_FLASH.ld" --specs=nosys.specs -Wl,-Map="Ardupilot-v1.map" -Wl,--gc-sections -static --specs=nano.specs -mfloat-abi=soft -mthumb -Wl,--start-group -lc -lm -Wl,--end-group
Finished building target: Ardupilot-v1.elf
 
arm-none-eabi-size  Ardupilot-v1.elf 
arm-none-eabi-objdump -h -S Ardupilot-v1.elf  > "Ardupilot-v1.list"
   text	   data	    bss	    dec	    hex	filename
   4028	     92	   1900	   6020	   1784	Ardupilot-v1.elf
Finished building: default.size.stdout
 
Finished building: Ardupilot-v1.list
 
12:54:53 **** Incremental Build of configuration Debug for project Ardupilot-v1 ****
make -j8 all 
arm-none-eabi-size  Ardupilot-v1.elf 
   text	   data	    bss	    dec	    hex	filename
   4028	     92	   1900	   6020	   1784	Ardupilot-v1.elf
Finished building: default.size.stdout
 
12:55:02 **** Incremental Build of configuration Debug for project Ardupilot-v1 ****
make -j8 all 
arm-none-eabi-size  Ardupilot-v1.elf 
   text	   data	    bss	    dec	    hex	filename
   4028	     92	   1900	   6020	   1784	Ardupilot-v1.elf
Finished building: default.size.stdout
 
12:56:40 **** Incremental Build of configuration Debug for project Ardupilot-v1 ****
make -j8 all 
arm-none-eabi-gcc "../Src/main.c" -mcpu=cortex-m4 -std=gnu11 -g3 -DDEBUG -DSTM32F427VITx -DSTM32 -DSTM32F4 -c -I../Inc -O0 -ffunction-sections -fdata-sections -Wall -fstack-usage -fcyclomatic-complexity -MMD -MP -MF"Src/main.d" -MT"Src/main.o" --specs=nano.specs -mfloat-abi=soft -mthumb -o "Src/main.o"
../Src/main.c: In function 'init_systick_timer':
../Src/main.c:92:34: error: expected ';' before 'uint32_t'
   92 |         printf("You were here\n")
      |                                  ^
      |                                  ;
   93 |         uint32_t *pSRVR = (uint32_t*)0xE000E014;
      |         ~~~~~~~~                  
../Src/main.c:97:10: error: 'pSRVR' undeclared (first use in this function)
   97 |         *pSRVR &= ~(0x00FFFFFF);
      |          ^~~~~
../Src/main.c:97:10: note: each undeclared identifier is reported only once for each function it appears in
make: *** [Src/subdir.mk:25: Src/main.o] Error 1
"make -j8 all" terminated with exit code 2. Build might be incomplete.
12:56:52 **** Incremental Build of configuration Debug for project Ardupilot-v1 ****
make -j8 all 
arm-none-eabi-gcc "../Src/main.c" -mcpu=cortex-m4 -std=gnu11 -g3 -DDEBUG -DSTM32F427VITx -DSTM32 -DSTM32F4 -c -I../Inc -O0 -ffunction-sections -fdata-sections -Wall -fstack-usage -fcyclomatic-complexity -MMD -MP -MF"Src/main.d" -MT"Src/main.o" --specs=nano.specs -mfloat-abi=soft -mthumb -o "Src/main.o"
arm-none-eabi-gcc -o "Ardupilot-v1.elf" @"objects.list"   -mcpu=cortex-m4 -T"C:\Users\favas\OneDrive\Documents\7.DroneProject\stm32_ardupilot_repo\Ardupilot-v1\STM32F427VITX_FLASH.ld" --specs=nosys.specs -Wl,-Map="Ardupilot-v1.map" -Wl,--gc-sections -static --specs=nano.specs -mfloat-abi=soft -mthumb -Wl,--start-group -lc -lm -Wl,--end-group
Finished building target: Ardupilot-v1.elf
 
arm-none-eabi-size  Ardupilot-v1.elf 
arm-none-eabi-objdump -h -S Ardupilot-v1.elf  > "Ardupilot-v1.list"
   text	   data	    bss	    dec	    hex	filename
   4052	     92	   1900	   6044	   179c	Ardupilot-v1.elf
Finished building: default.size.stdout
 
Finished building: Ardupilot-v1.list
 
12:57:01 **** Incremental Build of configuration Debug for project Ardupilot-v1 ****
make -j8 all 
arm-none-eabi-size  Ardupilot-v1.elf 
   text	   data	    bss	    dec	    hex	filename
   4052	     92	   1900	   6044	   179c	Ardupilot-v1.elf
Finished building: default.size.stdout
 
12:59:32 **** Incremental Build of configuration Debug for project Ardupilot-v1 ****
make -j8 all 
arm-none-eabi-size  Ardupilot-v1.elf 
   text	   data	    bss	    dec	    hex	filename
   4052	     92	   1900	   6044	   179c	Ardupilot-v1.elf
Finished building: default.size.stdout
 
12:59:35 **** Incremental Build of configuration Debug for project Ardupilot-v1 ****
make -j8 all 
arm-none-eabi-size  Ardupilot-v1.elf 
   text	   data	    bss	    dec	    hex	filename
   4052	     92	   1900	   6044	   179c	Ardupilot-v1.elf
Finished building: default.size.stdout
 
13:03:20 **** Incremental Build of configuration Debug for project Ardupilot-v1 ****
make -j8 all 
arm-none-eabi-gcc "../Src/main.c" -mcpu=cortex-m4 -std=gnu11 -g3 -DDEBUG -DSTM32F427VITx -DSTM32 -DSTM32F4 -c -I../Inc -O0 -ffunction-sections -fdata-sections -Wall -fstack-usage -fcyclomatic-complexity -MMD -MP -MF"Src/main.d" -MT"Src/main.o" --specs=nano.specs -mfloat-abi=soft -mthumb -o "Src/main.o"
arm-none-eabi-gcc -o "Ardupilot-v1.elf" @"objects.list"   -mcpu=cortex-m4 -T"C:\Users\favas\OneDrive\Documents\7.DroneProject\stm32_ardupilot_repo\Ardupilot-v1\STM32F427VITX_FLASH.ld" --specs=nosys.specs -Wl,-Map="Ardupilot-v1.map" -Wl,--gc-sections -static --specs=nano.specs -mfloat-abi=soft -mthumb -Wl,--start-group -lc -lm -Wl,--end-group
Finished building target: Ardupilot-v1.elf
 
arm-none-eabi-size  Ardupilot-v1.elf 
arm-none-eabi-objdump -h -S Ardupilot-v1.elf  > "Ardupilot-v1.list"
   text	   data	    bss	    dec	    hex	filename
   3964	     92	   1900	   5956	   1744	Ardupilot-v1.elf
Finished building: default.size.stdout
 
Finished building: Ardupilot-v1.list
 
13:03:29 **** Incremental Build of configuration Debug for project Ardupilot-v1 ****
make -j8 all 
arm-none-eabi-size  Ardupilot-v1.elf 
   text	   data	    bss	    dec	    hex	filename
   3964	     92	   1900	   5956	   1744	Ardupilot-v1.elf
Finished building: default.size.stdout
 
14:29:09 **** Incremental Build of configuration Debug for project Ardupilot-v1 ****
make -j8 all 
arm-none-eabi-gcc "../Src/main.c" -mcpu=cortex-m4 -std=gnu11 -g3 -DDEBUG -DSTM32F427VITx -DSTM32 -DSTM32F4 -c -I../Inc -O0 -ffunction-sections -fdata-sections -Wall -fstack-usage -fcyclomatic-complexity -MMD -MP -MF"Src/main.d" -MT"Src/main.o" --specs=nano.specs -mfloat-abi=soft -mthumb -o "Src/main.o"
arm-none-eabi-gcc -o "Ardupilot-v1.elf" @"objects.list"   -mcpu=cortex-m4 -T"C:\Users\favas\OneDrive\Documents\7.DroneProject\stm32_ardupilot_repo\Ardupilot-v1\STM32F427VITX_FLASH.ld" --specs=nosys.specs -Wl,-Map="Ardupilot-v1.map" -Wl,--gc-sections -static --specs=nano.specs -mfloat-abi=soft -mthumb -Wl,--start-group -lc -lm -Wl,--end-group
Finished building target: Ardupilot-v1.elf
 
arm-none-eabi-size  Ardupilot-v1.elf 
arm-none-eabi-objdump -h -S Ardupilot-v1.elf  > "Ardupilot-v1.list"
   text	   data	    bss	    dec	    hex	filename
   3964	     92	   1900	   5956	   1744	Ardupilot-v1.elf
Finished building: default.size.stdout
 
Finished building: Ardupilot-v1.list
 
14:29:20 **** Incremental Build of configuration Debug for project Ardupilot-v1 ****
make -j8 all 
arm-none-eabi-size  Ardupilot-v1.elf 
   text	   data	    bss	    dec	    hex	filename
   3964	     92	   1900	   5956	   1744	Ardupilot-v1.elf
Finished building: default.size.stdout
 
14:30:00 **** Incremental Build of configuration Debug for project Ardupilot-v1 ****
make -j8 all 
arm-none-eabi-gcc "../Src/main.c" -mcpu=cortex-m4 -std=gnu11 -g3 -DDEBUG -DSTM32F427VITx -DSTM32 -DSTM32F4 -c -I../Inc -O0 -ffunction-sections -fdata-sections -Wall -fstack-usage -fcyclomatic-complexity -MMD -MP -MF"Src/main.d" -MT"Src/main.o" --specs=nano.specs -mfloat-abi=soft -mthumb -o "Src/main.o"
arm-none-eabi-gcc -o "Ardupilot-v1.elf" @"objects.list"   -mcpu=cortex-m4 -T"C:\Users\favas\OneDrive\Documents\7.DroneProject\stm32_ardupilot_repo\Ardupilot-v1\STM32F427VITX_FLASH.ld" --specs=nosys.specs -Wl,-Map="Ardupilot-v1.map" -Wl,--gc-sections -static --specs=nano.specs -mfloat-abi=soft -mthumb -Wl,--start-group -lc -lm -Wl,--end-group
Finished building target: Ardupilot-v1.elf
 
arm-none-eabi-size  Ardupilot-v1.elf 
arm-none-eabi-objdump -h -S Ardupilot-v1.elf  > "Ardupilot-v1.list"
   text	   data	    bss	    dec	    hex	filename
   3908	     92	   1900	   5900	   170c	Ardupilot-v1.elf
Finished building: default.size.stdout
 
Finished building: Ardupilot-v1.list
 
14:30:06 **** Incremental Build of configuration Debug for project Ardupilot-v1 ****
make -j8 all 
arm-none-eabi-size  Ardupilot-v1.elf 
   text	   data	    bss	    dec	    hex	filename
   3908	     92	   1900	   5900	   170c	Ardupilot-v1.elf
Finished building: default.size.stdout
 
